Archive member included because of file (symbol)

c:/ethernut-4.3.3/build/gcc/atmega2561/lib\libnutpro.a(dhcpc.o)
                              ./source/ethernet.o (NutDhcpIfConfig)
c:/ethernut-4.3.3/build/gcc/atmega2561/lib\libnutpro.a(resolv.o)
                              c:/ethernut-4.3.3/build/gcc/atmega2561/lib\libnutpro.a(dhcpc.o) (NutDnsConfig2)
c:/ethernut-4.3.3/build/gcc/atmega2561/lib\libnutnet.a(udpsock.o)
                              c:/ethernut-4.3.3/build/gcc/atmega2561/lib\libnutpro.a(dhcpc.o) (NutUdpSetSockOpt)
c:/ethernut-4.3.3/build/gcc/atmega2561/lib\libnutnet.a(inet.o)
                              ./source/ethernet.o (inet_ntoa)
c:/ethernut-4.3.3/build/gcc/atmega2561/lib\libnutnet.a(ifconfig.o)
                              c:/ethernut-4.3.3/build/gcc/atmega2561/lib\libnutpro.a(dhcpc.o) (NutNetIfSetup)
c:/ethernut-4.3.3/build/gcc/atmega2561/lib\libnutnet.a(confnet.o)
                              c:/ethernut-4.3.3/build/gcc/atmega2561/lib\libnutnet.a(ifconfig.o) (NutNetSaveConfig)
c:/ethernut-4.3.3/build/gcc/atmega2561/lib\libnutnet.a(udpout.o)
                              c:/ethernut-4.3.3/build/gcc/atmega2561/lib\libnutnet.a(udpsock.o) (NutUdpOutput)
c:/ethernut-4.3.3/build/gcc/atmega2561/lib\libnutnet.a(ipcsum.o)
                              c:/ethernut-4.3.3/build/gcc/atmega2561/lib\libnutnet.a(udpout.o) (NutIpChkSumPartial)
c:/ethernut-4.3.3/build/gcc/atmega2561/lib\libnutnet.a(ipout.o)
                              c:/ethernut-4.3.3/build/gcc/atmega2561/lib\libnutnet.a(udpout.o) (NutIpOutput)
c:/ethernut-4.3.3/build/gcc/atmega2561/lib\libnutnet.a(route.o)
                              c:/ethernut-4.3.3/build/gcc/atmega2561/lib\libnutnet.a(udpout.o) (NutIpRouteQuery)
c:/ethernut-4.3.3/build/gcc/atmega2561/lib\libnutnet.a(arpcache.o)
                              c:/ethernut-4.3.3/build/gcc/atmega2561/lib\libnutnet.a(ipout.o) (NutArpCacheQuery)
c:/ethernut-4.3.3/build/gcc/atmega2561/lib\libnutnet.a(arpout.o)
                              c:/ethernut-4.3.3/build/gcc/atmega2561/lib\libnutnet.a(arpcache.o) (NutArpOutput)
c:/ethernut-4.3.3/build/gcc/atmega2561/lib\libnutos.a(heap.o)
                              ./source/fat.o (NutHeapAlloc)
c:/ethernut-4.3.3/build/gcc/atmega2561/lib\libnutos.a(bankmem.o)
                              ./source/vs10xx.o (NutSegBufReadRequest)
c:/ethernut-4.3.3/build/gcc/atmega2561/lib\libnutos.a(thread.o)
                              ./source/mmc.o (GetThreadByName)
c:/ethernut-4.3.3/build/gcc/atmega2561/lib\libnutos.a(timer.o)
                              ./source/main.o (NutDelay)
c:/ethernut-4.3.3/build/gcc/atmega2561/lib\libnutos.a(event.o)
                              c:/ethernut-4.3.3/build/gcc/atmega2561/lib\libnutos.a(thread.o) (NutEventPostAsync)
c:/ethernut-4.3.3/build/gcc/atmega2561/lib\libnutos.a(devreg.o)
                              ./source/mmc.o (NutDeviceLookup)
c:/ethernut-4.3.3/build/gcc/atmega2561/lib\libnutos.a(confos.o)
                              c:/ethernut-4.3.3/build/gcc/atmega2561/lib/nutinit.o (NutSaveConfig)
c:/ethernut-4.3.3/build/gcc/atmega2561/lib\libnutdev.a(ihndlr.o)
                              ./source/main.o (NutRegisterIrqHandler)
c:/ethernut-4.3.3/build/gcc/atmega2561/lib\libnutdev.a(netbuf.o)
                              c:/ethernut-4.3.3/build/gcc/atmega2561/lib\libnutnet.a(udpsock.o) (NutNetBufAlloc)
c:/ethernut-4.3.3/build/gcc/atmega2561/lib\libnutdev.a(nvmem.o)
                              c:/ethernut-4.3.3/build/gcc/atmega2561/lib\libnutnet.a(confnet.o) (NutNvMemSave)
c:/ethernut-4.3.3/build/gcc/atmega2561/lib\libnutarch.a(context_gcc.o)
                              c:/ethernut-4.3.3/build/gcc/atmega2561/lib\libnutos.a(thread.o) (NutThreadSwitch)
c:/ethernut-4.3.3/build/gcc/atmega2561/lib\libnutarch.a(ostimer.o)
                              c:/ethernut-4.3.3/build/gcc/atmega2561/lib\libnutos.a(timer.o) (NutGetTickClock)
c:/ethernut-4.3.3/build/gcc/atmega2561/lib\libnutarch.a(ih_int4.o)
                              ./source/remcon.o (sig_INTERRUPT4)
c:/ethernut-4.3.3/build/gcc/atmega2561/lib\libnutarch.a(ih_int6.o)
                              ./source/vs10xx.o (sig_INTERRUPT6)
c:/ethernut-4.3.3/build/gcc/atmega2561/lib\libnutarch.a(ih_timer0_ovf.o)
                              ./source/main.o (sig_OVERFLOW0)
c:/ethernut-4.3.3/build/gcc/atmega2561/lib\libnutarch.a(ih_timer2_comp.o)
                              c:/ethernut-4.3.3/build/gcc/atmega2561/lib\libnutarch.a(ostimer.o) (sig_OUTPUT_COMPARE2)
c:/ethernut-4.3.3/build/gcc/atmega2561/lib\libnutarch.a(uart0.o)
                              ./source/uart0driver.o (devUart0)
c:/ethernut-4.3.3/build/gcc/atmega2561/lib\libnutarch.a(uartavr.o)
                              c:/ethernut-4.3.3/build/gcc/atmega2561/lib\libnutarch.a(uart0.o) (UartAvrSize)
c:/ethernut-4.3.3/build/gcc/atmega2561/lib\libnutarch.a(eth0rtl.o)
                              ./source/ethernet.o (devEth0)
c:/ethernut-4.3.3/build/gcc/atmega2561/lib\libnutarch.a(twif.o)
[...]
Memory Configuration

Name             Origin             Length             Attributes
text             0x00000000         0x00100000         xr
data             0x00800060         0x0000ffa0         rw !x
eeprom           0x00810000         0x00010000         rw !x
*default*        0x00000000         0xffffffff

Linker script and memory map

Address of section .data set to 0x800200
LOAD c:/winavr-20070525/bin/../lib/gcc/avr/4.1.2/../../../../avr/lib/avr6/crtm2561.o
LOAD ./source/main.o
LOAD ./source/uart0driver.o
LOAD ./source/log.o
LOAD ./source/led.o
LOAD ./source/keyboard.o
LOAD ./source/display.o
LOAD ./source/vs10xx.o
LOAD ./source/remcon.o
LOAD ./source/watchdog.o
LOAD ./source/mmc.o
LOAD ./source/spidrv.o
LOAD ./source/mmcdrv.o
LOAD ./source/fat.o
LOAD ./source/flash.o
LOAD ./source/rtc.o
LOAD ./source/statemachine.o
LOAD ./source/backlight.o
LOAD ./source/state_welcomescreen.o
LOAD ./source/state_alarmscreen.o
LOAD ./source/state_alarmSoundChooserscreen.o
LOAD ./source/state_clockscreen.o
LOAD ./source/state_confirmationscreen.o
LOAD ./source/state_factoryResetscreen.o
LOAD ./source/state_menuscreen.o
LOAD ./source/state_newDailyAlarmscreen.o
LOAD ./source/state_newOnceAlarmscreen.o
LOAD ./source/state_Radioscreen.o
LOAD ./source/state_settingsscreen.o
LOAD ./source/state_settingsTimeZonescreen.o
LOAD ./source/state_sleepTimerscreen.o
LOAD ./source/state_syncingscreen.o
LOAD ./source/state_timezoneStartscreen.o
LOAD ./source/state_typeOfAlarmscreen.o
LOAD ./source/ethernet.o
LOAD ./source/TimeCalculations.o
                0x00000000                main = 0x0
LOAD c:/ethernut-4.3.3/build/gcc/atmega2561/lib/nutinit.o
LOAD c:/ethernut-4.3.3/build/gcc/atmega2561/lib\libnutpro.a
LOAD c:/ethernut-4.3.3/build/gcc/atmega2561/lib\libnutnet.a
LOAD c:/ethernut-4.3.3/build/gcc/atmega2561/lib\libnutpro.a
LOAD c:/ethernut-4.3.3/build/gcc/atmega2561/lib\libnutfs.a
LOAD c:/ethernut-4.3.3/build/gcc/atmega2561/lib\libnutos.a
LOAD c:/ethernut-4.3.3/build/gcc/atmega2561/lib\libnutdev.a
LOAD c:/ethernut-4.3.3/build/gcc/atmega2561/lib\libnutarch.a
LOAD c:/ethernut-4.3.3/build/gcc/atmega2561/lib\libnutnet.a
LOAD c:/ethernut-4.3.3/build/gcc/atmega2561/lib\libnutcrt.a
LOAD c:/ethernut-4.3.3/build/gcc/atmega2561/lib\libnutdev.a
LOAD c:/winavr-20070525/bin/../lib/gcc/avr/4.1.2/avr6\libgcc.a
LOAD c:/winavr-20070525/bin/../lib/gcc/avr/4.1.2/../../../../avr/lib/avr6\libc.a
LOAD c:/winavr-20070525/bin/../lib/gcc/avr/4.1.2/avr6\libgcc.a

.hash
 *(.hash)

.dynsym
 *(.dynsym)

.dynstr
 *(.dynstr)

.gnu.version
 *(.gnu.version)

.gnu.version_d
 *(.gnu.version_d)

.gnu.version_r
 *(.gnu.version_r)

.rel.init
 *(.rel.init)

.rela.init
 *(.rela.init)

.rel.text
 *(.rel.text)
 *(.rel.text.*)
 *(.rel.gnu.linkonce.t*)

.rela.text
 *(.rela.text)
 *(.rela.text.*)
 *(.rela.gnu.linkonce.t*)

.rel.fini
 *(.rel.fini)

.rela.fini
 *(.rela.fini)

.rel.rodata
 *(.rel.rodata)
 *(.rel.rodata.*)
 *(.rel.gnu.linkonce.r*)

.rela.rodata
 *(.rela.rodata)
 *(.rela.rodata.*)
 *(.rela.gnu.linkonce.r*)

.rel.data
 *(.rel.data)
 *(.rel.data.*)
 *(.rel.gnu.linkonce.d*)

.rela.data
 *(.rela.data)
 *(.rela.data.*)
 *(.rela.gnu.linkonce.d*)

.rel.ctors
 *(.rel.ctors)

.rela.ctors
 *(.rela.ctors)

.rel.dtors
 *(.rel.dtors)

.rela.dtors
 *(.rela.dtors)

.rel.got
 *(.rel.got)

.rela.got
 *(.rela.got)

.rel.bss
 *(.rel.bss)

.rela.bss
 *(.rela.bss)

.rel.plt
 *(.rel.plt)

.rela.plt
 *(.rela.plt)

.text           0x00000000    0x1030a
 *(.vectors)
 .vectors       0x00000000       0xcc c:/winavr-20070525/bin/../lib/gcc/avr/4.1.2/../../../../avr/lib/avr6/crtm2561.o
                0x00000000                __vectors
                0x00000000                __vector_default
 *(.vectors)
 *(.progmem.gcc*)
 .progmem.gcc_sw_table
                0x000000cc       0x28 c:/ethernut-4.3.3/build/gcc/atmega2561/lib\libnutarch.a(uartavr.o)
 *(.progmem*)
 .progmem.data  0x000000f4       0x26 ./source/main.o
 .progmem.data  0x0000011a        0x8 ./source/uart0driver.o
 .progmem.data  0x00000122       0xea ./source/log.o
 .progmem.data  0x0000020c      0x541 ./source/vs10xx.o
                0x0000020c                dtab
 .progmem.data  0x0000074d       0x6e ./source/mmc.o
 .progmem.data  0x000007bb        0xe ./source/spidrv.o
 .progmem.data  0x000007c9       0x16 ./source/mmcdrv.o
 .progmem.data  0x000007df       0x1a ./source/statemachine.o
 .progmem.data  0x000007f9       0x38 ./source/state_clockscreen.o
 .progmem.data  0x00000831       0x9b ./source/ethernet.o
 .progmem.data  0x000008cc       0x12 c:/ethernut-4.3.3/build/gcc/atmega2561/lib\libnutarch.a(nicrtl.o)
                0x000008de                . = ALIGN (0x2)
                0x000008de                __trampolines_start = .
 *(.trampolines)
 .trampolines   0x000008de        0x0 linker stubs
 *(.trampolines*)
                0x000008de                __trampolines_end = .
 *(.jumptables)
 *(.jumptables*)
 *(.lowtext)
 *(.lowtext*)
                0x000008de                __ctors_start = .
 *(.ctors)
                0x000008de                __ctors_end = .
                0x000008de                __dtors_start = .
 *(.dtors)
                0x000008de                __dtors_end = .
 SORT(*)(.ctors)
 SORT(*)(.dtors)
 *(.init0)
 .init0         0x00000b12        0x0 c:/winavr-20070525/bin/../lib/gcc/avr/4.1.2/../../../../avr/lib/avr6/crtm2561.o
                0x00000b12                __init
 *(.init0)
 *(.init1)
 .init1         0x00000b12       0x54 c:/ethernut-4.3.3/build/gcc/atmega2561/lib/nutinit.o
 *(.init1)
 *(.init2)
 .init2         0x00000b66        0xc c:/winavr-20070525/bin/../lib/gcc/avr/4.1.2/../../../../avr/lib/avr6/crtm2561.o
 *(.init2)
 *(.init3)
 *(.init3)
 *(.init4)
 .init4         0x00000b72       0x1a c:/winavr-20070525/bin/../lib/gcc/avr/4.1.2/../../../../avr/lib/avr6/crtm2561.o
                0x00000b72                __do_copy_data
 .init4         0x00000b8c       0x10 c:/winavr-20070525/bin/../lib/gcc/avr/4.1.2/avr6\libgcc.a(_clear_bss.o)
                0x00000b8c                __do_clear_bss
 *(.init4)
 *(.init5)
 .init5         0x00000b9c       0x26 c:/ethernut-4.3.3/build/gcc/atmega2561/lib/nutinit.o
 *(.init5)
 *(.init6)
 *(.init6)
 *(.init7)
 *(.init7)
 *(.init8)
 .init8         0x00000bc2       0x2c c:/ethernut-4.3.3/build/gcc/atmega2561/lib/nutinit.o
                0x00000bc2                NutInit
 *(.init8)
 *(.init9)
 .init9         0x00000bee        0x8 c:/winavr-20070525/bin/../lib/gcc/avr/4.1.2/../../../../avr/lib/avr6/crtm2561.o
 *(.init9)
 *(.text)
 .text          0x00000bf6        0x4 c:/winavr-20070525/bin/../lib/gcc/avr/4.1.2/../../../../avr/lib/avr6/crtm2561.o
                0x00000bf6                __vector_22
                0x00000bf6                __vector_28
                0x00000bf6                __vector_1
                0x00000bf6                __vector_32
                0x00000bf6                __vector_34
                0x00000bf6                __vector_24
                0x00000bf6                __vector_12
                0x00000bf6                __vector_46
                0x00000bf6                __bad_interrupt
                0x00000bf6                __vector_31
                0x00000bf6                __vector_35
                0x00000bf6                __vector_3
                0x00000bf6                __vector_30
                0x00000bf6                __vector_45
                0x00000bf6                __vector_11
                0x00000bf6                __vector_17
                0x00000bf6                __vector_19
                0x00000bf6                __vector_49
                0x00000bf6                __vector_41
                0x00000bf6                __vector_43
                0x00000bf6                __vector_33
                0x00000bf6                __vector_47
                0x00000bf6                __vector_37
                0x00000bf6                __vector_4
                0x00000bf6                __vector_44
                0x00000bf6                __vector_9
                0x00000bf6                __vector_2
                0x00000bf6                __vector_21
                0x00000bf6                __vector_15
                0x00000bf6                __vector_29
                0x00000bf6                __vector_40
                0x00000bf6                __vector_8
                0x00000bf6                __vector_26
                0x00000bf6                __vector_48
                0x00000bf6                __vector_14
                0x00000bf6                __vector_10
                0x00000bf6                __vector_50
                0x00000bf6                __vector_16
                0x00000bf6                __vector_18
                0x00000bf6                __vector_20
                0x00000bf6                __vector_42
 .text          0x00000bfa      0x14c ./source/main.o
                0x00000c34                NutAppMain
                0x00000bfa                SysInitIO
 .text          0x00000d46      0x11c ./source/uart0driver.o
                0x00000e4a                Uart0DriverInit
                0x00000d50                Uart0DriverStop
                0x00000d46                Uart0DriverGetStream
                0x00000d6a                Uart0DriverSetCookedMode
                0x00000db2                Uart0DriverStart
 .text          0x00000e62      0x44a ./source/log.o
                0x0000127c                LogClose
                0x00000e74                HexDump
                0x00001020                LogMsg_P
                0x00001292                LogOpen
                0x00001006                LogChar_P
                0x000012a0                LogInit
                0x00000e62                LogSetLevel
 .text          0x000012ac       0x50 ./source/led.o
                0x000012ac                LedControl
                0x000012f4                LedGetStatus
                0x000012ec                LedInit
 .text          0x000012fc      0x222 ./source/keyboard.o
                0x00001496                KbInit
                0x00001500                KbWaitForKeyEvent
                0x00001372                KbGetKey
                0x000012fc                KbScan
                0x0000135a                KbSetKeyRepeating
                0x00001464                KbInjectKey
 .text          0x0000151e      0x15a ./source/display.o
                0x000015b0                LcdChar
                0x000015ba                LcdDisplayStr
                0x000015a6                LcdClear
                0x0000159c                LcdNextLine
                0x0000151e                LcdBackLight
                0x0000160e                LcdLowLevelInit
 .text          0x00001678      0x6d6 ./source/vs10xx.o
                0x000016c2                VsGetStatus
                0x000018a8                VsBeepStart
                0x00001a1e                VsRegInfo
                0x000016a2                VsPlayerStop
                0x00001cee                VsMemoryTest
                0x000019f8                VsGetVolume
                0x00001678                VsPlayerInterrupts
                0x0000196c                VsPlayerReset
                0x00001812                VsPlayerSetMode
                0x0000183e                VsBeepStartRaw
                0x000018c8                VsBeep
                0x00001c64                VsPlayerKick
                0x000016d4                VsGetTypeHex
                0x00001a46                VsStreamValid
                0x00001aca                VsPlayerInit
                0x00001780                VsRegWrite
                0x000017d2                VsSetVolume
                0x00001718                VsBeepStop
                0x000016ca                VsGetType
 .text          0x00001d4e       0x4c ./source/remcon.o
                0x00001d50                RcInit
 .text          0x00001d9a       0xec ./source/watchdog.o
                0x00001e28                WatchDogRestart
                0x00001e4c                WatchDogEnable
                0x00001e2c                WatchDogDisable
                0x00001d9a                WatchDogStart
 .text          0x00001e86      0x2ac ./source/mmc.o
                0x00001e86                CardCheckCard
                0x00001f24                CardCheckPresent
                0x00001f36                CardClose
                0x00001f38                CardInit
                0x00001fb8                CardInitCard
                0x000020ba                CardPresent
                0x00001f2c                CardStatus
 .text          0x00002132       0xc2 ./source/spidrv.o
                0x00002148                SPIputByte
                0x00002170                SPIinit
                0x00002152                SPIgetByte
                0x00002140                SPIgetmode
                0x00002162                SPItransferByte
                0x00002178                SPIselect
                0x00002132                SPIdeselect
                0x0000213a                SPImode
 .text          0x000021f4      0x708 ./source/mmcdrv.o
                0x0000285e                MMCInit
                0x00002200                MMCUnMountDevice
                0x0000257c                MMCReadSectors
                0x000021f4                MMCIsCDROMDevice
                0x0000237a                MMCWriteSectors
                0x000026c6                MMCGetSectorSize
                0x000021fa                MMCIsZIPDevice
                0x000026f2                MMCMountAllDevices
                0x0000268a                MMCGetTotalSectors
 .text          0x000028fc     0x1616 ./source/fat.o
                0x0000351e                FATIOCtl
                0x00002e98                FATFree
                0x000028fc                FATRelease
                0x00002eb4                FATFileRead
                0x00002e8e                FATSemaInit
                0x00002ea2                FATLock
                0x00003124                FATFileSize
 .text          0x00003f12      0x3c2 ./source/flash.o
                0x00003f12                At45dbChipErase
                0x00004028                At45dbInit
                0x00003fc2                At45dbGetStatus
                0x0000419c                At45dbPageWrite
                0x0000429c                At45dbPageErase
                0x000040a0                At45dbWaitReady
                0x00004100                At45dbSendCmd
                0x00004256                At45dbPageRead
 .text          0x000042d4      0xa24 ./source/rtc.o
                0x0000430a                X12EepromRead
                0x000044b8                X12RtcGetClock
                0x00004ba0                X12RtcSetClock
                0x00004384                X12RtcReadRegs
                0x0000489a                X12RtcSetAlarm
                0x000042d4                X12RtcClearStatus
                0x000043fa                X12RtcGetStatus
                0x00004480                X12Init
                0x00004822                X12RtcWrite
                0x000049fa                X12RtcGetAlarm
                0x00004720                X12EepromWrite
 .text          0x00004cf8      0x172 ./source/statemachine.o
                0x00004d92                sm_loop
                0x00004d10                sm_setState
                0x00004cf8                sm_init
 .text          0x00004e6a       0xac ./source/backlight.o
                0x00004eb0                resetTimerBacklight
                0x00004e7e                turnOffBacklight
                0x00004eda                turnOnBacklight
                0x00004e74                getStatusBacklight
                0x00004e9a                checkTimerBacklight
                0x00004e6a                changeStatusBacklight
 .text          0x00004f16       0x58 ./source/state_welcomescreen.o
                0x00004f54                welcomescreen_entry
                0x00004f2c                welcomescreen_loop
                0x00004f16                welcomescreen_keypressed
                0x00004f42                welcomescreen_exit
 .text          0x00004f6e        0x8 ./source/state_alarmscreen.o
                0x00004f74                alarmscreen_exit
                0x00004f70                alarmscreen_entry
                0x00004f6e                alarmcreen_keypressed
                0x00004f72                alarmscreen_loop
 .text          0x00004f76        0x8 ./source/state_alarmSoundChooserscreen.o
                0x00004f7c                alarmSoundChooserscreen_exit
                0x00004f78                alarmSoundChooserscreen_entry
                0x00004f76                alarmSoundChooserscreen_keypressed
                0x00004f7a                alarmSoundChooserscreen_loop
 .text          0x00004f7e      0x112 ./source/state_clockscreen.o
                0x00004f80                clockscreen_exit
                0x00005044                clockscreen_loop
                0x00005024                clockscreen_entry
                0x00004f8a                manageDisplay
                0x00004f7e                clockscreen_keypressed
 .text          0x00005090        0x8 ./source/state_confirmationscreen.o
                0x00005090                confirmationscreen_keypressed
                0x00005094                confirmationscreen_loop
                0x00005096                confirmationscreen_exit
                0x00005092                confirmationscreen_entry
 .text          0x00005098        0x8 ./source/state_factoryResetscreen.o
                0x0000509c                factoryResetscreen_loop
                0x00005098                factoryResetscreen_keypressed
                0x0000509e                factoryResetscreen_exit
                0x0000509a                factoryResetscreen_entry
 .text          0x000050a0        0x8 ./source/state_menuscreen.o
                0x000050a0                menuscreen_keypressed
                0x000050a6                menuscreen_exit
                0x000050a2                menuscreen_entry
                0x000050a4                menuscreen_loop
 .text          0x000050a8        0x8 ./source/state_newDailyAlarmscreen.o
                0x000050aa                newDailyAlarmscreen_entry
                0x000050ac                newDailyAlarmscreen_loop
                0x000050ae                newDailyAlarmscreen_exit
                0x000050a8                newDailyAlarmscreen_keypressed
 .text          0x000050b0        0x8 ./source/state_newOnceAlarmscreen.o
                0x000050b6                newOnceAlarmscreen_exit
                0x000050b2                newOnceAlarmscreen_entry
                0x000050b0                newOnceAlarmscreen_keypressed
                0x000050b4                newOnceAlarmscreen_loop
 .text          0x000050b8        0x8 ./source/state_Radioscreen.o
                0x000050b8                radioscreen_keypressed
                0x000050ba                radioscreen_entry
                0x000050be                radioscreen_exit
                0x000050bc                radioscreen_loop
 .text          0x000050c0        0x8 ./source/state_settingsscreen.o
                0x000050c0                settingsscreen_keypressed
                0x000050c4                settingsscreen_loop
                0x000050c6                settingsscreen_exit
                0x000050c2                settingsscreen_entry
 .text          0x000050c8        0x8 ./source/state_settingsTimeZonescreen.o
                0x000050c8                settingsTimeZonescreen_keypressed
                0x000050ca                settingsTimeZonescreen_entry
                0x000050ce                settingsTimeZonescreen_exit
                0x000050cc                settingsTimeZonescreen_loop
 .text          0x000050d0        0x8 ./source/state_sleepTimerscreen.o
                0x000050d2                sleepTimerscreen_entry
                0x000050d0                sleepTimerscreen_keypressed
                0x000050d4                sleepTimerscreen_loop
                0x000050d6                sleepTimerscreen_exit
 .text          0x000050d8        0x8 ./source/state_syncingscreen.o
                0x000050da                syncingscreen_entry
                0x000050d8                syncingscreen_keypressed
                0x000050dc                syncingscreen_loop
                0x000050de                syncingscreen_exit
 .text          0x000050e0        0x8 ./source/state_timezoneStartscreen.o
                0x000050e2                timezoneStartscreen_entry
                0x000050e4                timezoneStartscreen_loop
                0x000050e0                timezoneStartscreen_keypressed
                0x000050e6                timezoneStartscreen_exit
 .text          0x000050e8        0x8 ./source/state_typeOfAlarmscreen.o
                0x000050ec                typeOfAlarmscreen_loop
                0x000050ea                typeOfAlarmscreen_entry
                0x000050e8                typeOfAlarmscreen_keypressed
                0x000050ee                typeOfAlarmscreen_exit
 .text          0x000050f0      0x17e ./source/ethernet.o
                0x00005190                ethernetInit
                0x000050f0                showEthernetDetails
 .text          0x0000526e       0xee ./source/TimeCalculations.o
                0x0000526e                getSecondsBetween
                0x000052d2                getMinutesBetween
                0x00005342                getHoursBetween
 .text          0x0000535c       0x58 c:/ethernut-4.3.3/build/gcc/atmega2561/lib/nutinit.o
                0x00005362                NutIdle
                0x0000535c                NutThreadSetSleepMode
 .text          0x000053b4     0x18b0 c:/ethernut-4.3.3/build/gcc/atmega2561/lib\libnutpro.a(dhcpc.o)
                0x000054f6                NutDhcpRelease
                0x000053fa                NutDhcpIsConfigured
                0x000053e8                NutDhcpError
                0x000053e0                NutDhcpStatus
                0x00005638                NutDhcpIfConfig
                0x000054cc                NutDhcpInform
                0x00005f1c                NutDhcpClient
 .text          0x00006c64      0x7f4 c:/ethernut-4.3.3/build/gcc/atmega2561/lib\libnutpro.a(resolv.o)
                0x00006e56                NutDnsGetResource
                0x00006c98                NutGetDnsServers
                0x00007444                NutDnsGetMxByDomain
                0x0000744e                NutDnsGetHostByName
                0x00006e3a                NutDnsConfig
                0x00006d66                NutDnsConfig2
 .text          0x00007458      0x2ba c:/ethernut-4.3.3/build/gcc/atmega2561/lib\libnutnet.a(udpsock.o)
                0x000074b0                NutUdpGetSockOpt
                0x0000763e                NutUdpReceiveFrom
                0x000074e6                NutUdpDestroySocket
                0x00007458                NutUdpFindSocket
                0x0000753e                NutUdpSendTo
                0x00007482                NutUdpSetSockOpt
                0x000075c0                NutUdpCreateSocket
 .text          0x00007712      0x184 c:/ethernut-4.3.3/build/gcc/atmega2561/lib\libnutnet.a(inet.o)
                0x00007712                inet_addr
                0x000077be                inet_ntoa
 .text          0x00007896      0x36c c:/ethernut-4.3.3/build/gcc/atmega2561/lib\libnutnet.a(ifconfig.o)
                0x00007a8c                NutNetIfConfig2
                0x00007896                NutNetIfSetup
                0x00007bd6                NutNetIfConfig
 .text          0x00007c02       0x84 c:/ethernut-4.3.3/build/gcc/atmega2561/lib\libnutnet.a(confnet.o)
                0x00007c02                NutNetSaveConfig
                0x00007c28                NutNetLoadConfig
 .text          0x00007c86      0x132 c:/ethernut-4.3.3/build/gcc/atmega2561/lib\libnutnet.a(udpout.o)
                0x00007c86                NutUdpOutput
 .text          0x00007db8       0xde c:/ethernut-4.3.3/build/gcc/atmega2561/lib\libnutnet.a(ipcsum.o)
                0x00007e28                NutIpChkSum
                0x00007db8                NutIpChkSumPartial
                0x00007e32                NutIpPseudoChkSumPartial
 .text          0x00007e96      0x292 c:/ethernut-4.3.3/build/gcc/atmega2561/lib\libnutnet.a(ipout.o)
                0x00007e96                NutIpOutput
 .text          0x00008128      0x33a c:/ethernut-4.3.3/build/gcc/atmega2561/lib\libnutnet.a(route.o)
                0x00008416                NutIpRouteDelAll
                0x000082ec                NutIpRouteList
                0x00008356                NutIpRouteDel
                0x000081bc                NutIpRouteQuery
                0x000081fe                NutIpRouteAdd
 .text          0x00008462      0x3e0 c:/ethernut-4.3.3/build/gcc/atmega2561/lib\libnutnet.a(arpcache.o)
                0x00008646                NutArpCacheQuery
                0x000085e4                NutArpCacheUpdate
 .text          0x00008842      0x112 c:/ethernut-4.3.3/build/gcc/atmega2561/lib\libnutnet.a(arpout.o)
                0x000088a0                NutArpAllocNetBuf
                0x00008842                NutArpOutput
 .text          0x00008954      0x202 c:/ethernut-4.3.3/build/gcc/atmega2561/lib\libnutos.a(heap.o)
                0x00008b22                NutHeapAvailable
                0x00008a3a                NutHeapFree
                0x00008954                NutHeapAlloc
                0x00008b14                NutHeapAdd
                0x00008b2c                NutHeapAllocClear
 .text          0x00008b56      0x436 c:/ethernut-4.3.3/build/gcc/atmega2561/lib\libnutos.a(bankmem.o)
                0x00008c94                NutSegBufWriteCommit
                0x00008f34                NutSegBufUsed
                0x00008dd8                NutSegBufWriteLast
                0x00008b56                NutSegBufReset
                0x00008f46                NutBufRemovePage
                0x00008bca                NutSegBufWriteRequest
                0x00008d24                NutSegBufReadCommit
                0x00008c22                NutSegBufReadRequest
                0x00008f0a                NutSegBufAvailable
                0x00008e5e                NutSegBufReadLast
                0x00008b94                NutSegBufInit
 .text          0x00008f8c      0x308 c:/ethernut-4.3.3/build/gcc/atmega2561/lib\libnutos.a(thread.o)
                0x0000909e                NutThreadWake
                0x0000915c                NutThreadSetPriority
                0x000090f2                NutThreadDestroy
                0x000091d2                NutThreadExit
                0x00009028                NutThreadRemoveQueue
                0x00008f8c                NutThreadAddPriQueue
                0x000091da                NutThreadResume
                0x00009110                NutThreadKill
                0x00009264                NutThreadYield
                0x000090b4                GetThreadByName
 .text          0x00009294      0x68c c:/ethernut-4.3.3/build/gcc/atmega2561/lib\libnutos.a(timer.o)
                0x000092f0                NutDelay
                0x00009514                NutSleep
                0x00009416                NutGetTickCount
                0x000094ee                NutTimerStart
                0x000096f8                NutTimerProcessElapsed
                0x00009396                NutTimerStop
                0x00009810                NutTimerInit
                0x000095c0                NutGetMillis
                0x000096b8                NutGetSeconds
                0x000092bc                NutMicroDelay
                0x0000930c                NutTimerInsert
                0x000094d0                NutTimerStartTicks
                0x00009432                NutTimerCreate
 .text          0x00009920      0x2b8 c:/ethernut-4.3.3/build/gcc/atmega2561/lib\libnutos.a(event.o)
                0x00009a28                NutEventBroadcast
                0x00009ae4                NutEventWait
                0x000099be                NutEventBroadcastAsync
                0x00009bb6                NutEventWaitNext
                0x00009920                NutEventPostAsync
                0x00009a3e                NutEventPost
                0x00009a54                NutEventTimeout
 .text          0x00009bd8       0x90 c:/ethernut-4.3.3/build/gcc/atmega2561/lib\libnutos.a(devreg.o)
                0x00009c10                NutRegisterDevice
                0x00009bd8                NutDeviceLookup
 .text          0x00009c68       0x6a c:/ethernut-4.3.3/build/gcc/atmega2561/lib\libnutos.a(confos.o)
                0x00009c9a                NutLoadConfig
                0x00009c68                NutSaveConfig
 .text          0x00009cd2      0x18c c:/ethernut-4.3.3/build/gcc/atmega2561/lib\libnutdev.a(ihndlr.o)
                0x00009cd2                CallHandler
                0x00009dea                NutIrqSetMode
                0x00009d2e                NutIrqEnable
                0x00009d52                NutIrqDisable
                0x00009d76                NutIrqSetPriority
                0x00009cee                NutRegisterIrqHandler
 .text          0x00009e5e      0x310 c:/ethernut-4.3.3/build/gcc/atmega2561/lib\libnutdev.a(netbuf.o)
                0x00009eb4                NutNetBufAlloc
                0x0000a072                NutNetBufClone
                0x0000a044                NutNetBufFree
 .text          0x0000a16e        0xc c:/ethernut-4.3.3/build/gcc/atmega2561/lib\libnutdev.a(nvmem.o)
                0x0000a174                NutNvMemLoad
                0x0000a16e                NutNvMemSave
 .text          0x0000a17a      0x1cc c:/ethernut-4.3.3/build/gcc/atmega2561/lib\libnutarch.a(context_gcc.o)
                0x0000a208                NutThreadCreate
                0x0000a1be                thread_start
                0x0000a18a                NutThreadSwitch
 .text          0x0000a346       0x96 c:/ethernut-4.3.3/build/gcc/atmega2561/lib\libnutarch.a(ostimer.o)
                0x0000a358                NutGetTickClock
                0x0000a362                NutRegisterTimer
                0x0000a3ac                NutTimerMillisToTicks
                0x0000a346                NutGetCpuClock
 .text          0x0000a3dc      0x178 c:/ethernut-4.3.3/build/gcc/atmega2561/lib\libnutarch.a(ih_int4.o)
                0x0000a508                __vector_5
 .text          0x0000a554      0x178 c:/ethernut-4.3.3/build/gcc/atmega2561/lib\libnutarch.a(ih_int6.o)
                0x0000a680                __vector_7
 .text          0x0000a6cc       0xec c:/ethernut-4.3.3/build/gcc/atmega2561/lib\libnutarch.a(ih_timer0_ovf.o)
                0x0000a76c                __vector_23
 .text          0x0000a7b8       0xec c:/ethernut-4.3.3/build/gcc/atmega2561/lib\libnutarch.a(ih_timer2_comp.o)
                0x0000a858                __vector_13
 .text          0x0000a8a4        0x0 c:/ethernut-4.3.3/build/gcc/atmega2561/lib\libnutarch.a(uart0.o)
 .text          0x0000a8a4      0xaee c:/ethernut-4.3.3/build/gcc/atmega2561/lib\libnutarch.a(uartavr.o)
                0x0000b22a                UartAvrWrite_P
                0x0000b23a                UartAvrWrite
                0x0000aa42                UartAvrOpen
                0x0000af78                UartAvrInit
                0x0000b088                UartAvrFlush
                0x0000aa16                UartAvrSize
                0x0000aa38                UartAvrClose
                0x0000b0da                UartAvrPut
                0x0000b2a6                UartAvrRead
                0x0000aaf2                UartAvrIOCtl
                0x0000a990                UartAvrOutput
                0x0000b24a                UartAvrInput
 .text          0x0000b392        0x0 c:/ethernut-4.3.3/build/gcc/atmega2561/lib\libnutarch.a(eth0rtl.o)
 .text          0x0000b392      0x9ba c:/ethernut-4.3.3/build/gcc/atmega2561/lib\libnutarch.a(twif.o)
                0x0000bc0c                TwMasterTransact
                0x0000ba04                TwInit
                0x0000ba88                TwSlaveRespond
                0x0000bb4a                TwSlaveListen
                0x0000b848                TwMasterError
                0x0000b860                TwIOCtl
                0x0000b854                TwSlaveError
 .text          0x0000bd4c       0x60 c:/ethernut-4.3.3/build/gcc/atmega2561/lib\libnutarch.a(eeprom.o)
                0x0000bd4c                OnChipNvMemSave
                0x0000bd8c                OnChipNvMemLoad
 .text          0x0000bdac       0xf4 c:/ethernut-4.3.3/build/gcc/atmega2561/lib\libnutarch.a(ih_twi.o)
                0x0000be54                __vector_39
 .text          0x0000bea0       0xf4 c:/ethernut-4.3.3/build/gcc/atmega2561/lib\libnutarch.a(ih_usart0_rx.o)
                0x0000bf48                __vector_25
 .text          0x0000bf94       0xf6 c:/ethernut-4.3.3/build/gcc/atmega2561/lib\libnutarch.a(ih_usart0_tx.o)
                0x0000c03e                __vector_27
 .text          0x0000c08a       0xf4 c:/ethernut-4.3.3/build/gcc/atmega2561/lib\libnutarch.a(ih_usart1_rx.o)
                0x0000c132                __vector_36
 .text          0x0000c17e       0xf6 c:/ethernut-4.3.3/build/gcc/atmega2561/lib\libnutarch.a(ih_usart1_tx.o)
                0x0000c228                __vector_38
 .text          0x0000c274      0x79a c:/ethernut-4.3.3/build/gcc/atmega2561/lib\libnutarch.a(nicrtl.o)
                0x0000c660                NicInit
                0x0000c82c                NicRx
                0x0000c70a                NicOutput
 .text          0x0000ca0e      0x172 c:/ethernut-4.3.3/build/gcc/atmega2561/lib\libnutarch.a(ih_int5.o)
                0x0000cb34                __vector_6
 .text          0x0000cb80       0x5c c:/ethernut-4.3.3/build/gcc/atmega2561/lib\libnutnet.a(ethin.o)
                0x0000cb80                NutEtherInput
 .text          0x0000cbdc       0xb6 c:/ethernut-4.3.3/build/gcc/atmega2561/lib\libnutnet.a(ethout.o)
                0x0000cbdc                NutEtherOutput
 .text          0x0000cc92      0x1ec c:/ethernut-4.3.3/build/gcc/atmega2561/lib\libnutnet.a(ipin.o)
                0x0000cc9c                NutIpInput
                0x0000cc92                NutIpSetInputFilter
 .text          0x0000ce7e       0xd4 c:/ethernut-4.3.3/build/gcc/atmega2561/lib\libnutnet.a(icmpin.o)
                0x0000ce7e                NutIcmpInput
 .text          0x0000cf52      0x186 c:/ethernut-4.3.3/build/gcc/atmega2561/lib\libnutnet.a(icmpout.o)
                0x0000cf52                NutIcmpOutput
                0x0000cfba                NutIcmpReply
                0x0000d02e                NutIcmpResponse
 .text          0x0000d0d8       0x30 c:/ethernut-4.3.3/build/gcc/atmega2561/lib\libnutnet.a(igmpin.o)
                0x0000d0d8                NutIgmpInput
 .text          0x0000d108       0xd2 c:/ethernut-4.3.3/build/gcc/atmega2561/lib\libnutnet.a(arpin.o)
                0x0000d108                NutArpInput
 .text          0x0000d1da       0x66 c:/ethernut-4.3.3/build/gcc/atmega2561/lib\libnutnet.a(tcpin.o)
                0x0000d1da                NutTcpInput
 .text          0x0000d240     0x1146 c:/ethernut-4.3.3/build/gcc/atmega2561/lib\libnutnet.a(tcpsm.o)
                0x0000d634                NutTcpStatePassiveOpenEvent
                0x0000d29e                NutTcpInitStateMachine
                0x0000d9c8                NutTcpSm
                0x0000d240                NutTcpAbortSocket
                0x0000d74e                NutTcpStateRetranTimeout
                0x0000d5fa                NutTcpStateActiveOpenEvent
                0x0000e328                NutTcpStateCloseEvent
                0x0000d394                NutTcpStateWindowEvent
                0x0000d2d6                NutTcpStateMachine
 .text          0x0000e386      0xab0 c:/ethernut-4.3.3/build/gcc/atmega2561/lib\libnutnet.a(tcpsock.o)
                0x0000e53e                NutTcpDiscardBuffers
                0x0000e4e4                NutTcpDeviceIOCtl
                0x0000e386                NutTcpFindSocket
                0x0000e8b6                NutTcpDeviceWrite
                0x0000eaae                NutTcpCloseSocket
                0x0000e5a2                NutTcpReceive
                0x0000ec9e                NutTcpDestroySocket
                0x0000e77e                NutTcpSend
                0x0000eacc                NutTcpSetSockOpt
                0x0000ed0e                NutTcpConnect
                0x0000e4ce                NutTcpError
                0x0000ea48                NutTcpDeviceWrite_P
                0x0000e404                NutTcpGetSockOpt
                0x0000ebda                NutTcpCreateSocket
                0x0000ecfc                NutTcpAccept
                0x0000e778                NutTcpDeviceRead
 .text          0x0000ee36       0xc8 c:/ethernut-4.3.3/build/gcc/atmega2561/lib\libnutnet.a(tcputil.o)
                0x0000ee90                NutTcpCalcRtt
                0x0000ee36                IsInLimits
 .text          0x0000eefe       0xe8 c:/ethernut-4.3.3/build/gcc/atmega2561/lib\libnutnet.a(udpin.o)
                0x0000eefe                NutUdpInput
 .text          0x0000efe6      0x49c c:/ethernut-4.3.3/build/gcc/atmega2561/lib\libnutnet.a(tcpout.o)
                0x0000efe6                NutTcpReject
                0x0000f116                NutTcpOutput
 .text          0x0000f482       0x2c c:/ethernut-4.3.3/build/gcc/atmega2561/lib\libnutcrt.a(close.o)
                0x0000f482                _close
 .text          0x0000f4ae       0x24 c:/ethernut-4.3.3/build/gcc/atmega2561/lib\libnutcrt.a(ioctl.o)
                0x0000f4ae                _ioctl
 .text          0x0000f4d2       0xb0 c:/ethernut-4.3.3/build/gcc/atmega2561/lib\libnutcrt.a(open.o)
                0x0000f4d2                _open
 .text          0x0000f582       0x80 c:/ethernut-4.3.3/build/gcc/atmega2561/lib\libnutcrt.a(fclose.o)
                0x0000f582                fclose
 .text          0x0000f602       0x22 c:/ethernut-4.3.3/build/gcc/atmega2561/lib\libnutcrt.a(fflush.o)
                0x0000f602                fflush
 .text          0x0000f624        0x8 c:/ethernut-4.3.3/build/gcc/atmega2561/lib\libnutcrt.a(fileno.o)
                0x0000f624                _fileno
 .text          0x0000f62c       0xb8 c:/ethernut-4.3.3/build/gcc/atmega2561/lib\libnutcrt.a(fopen.o)
                0x0000f62c                fopen
 .text          0x0000f6e4       0xd6 c:/ethernut-4.3.3/build/gcc/atmega2561/lib\libnutcrt.a(freopen.o)
                0x0000f6e4                freopen
 .text          0x0000f7ba       0x50 c:/ethernut-4.3.3/build/gcc/atmega2561/lib\libnutcrt.a(fputc.o)
                0x0000f7ba                fputc
 .text          0x0000f80a       0x22 c:/ethernut-4.3.3/build/gcc/atmega2561/lib\libnutcrt.a(fputs.o)
                0x0000f80a                fputs
 .text          0x0000f82c       0x28 c:/ethernut-4.3.3/build/gcc/atmega2561/lib\libnutcrt.a(fputs_p.o)
                0x0000f82c                fputs_P
 .text          0x0000f854       0x72 c:/ethernut-4.3.3/build/gcc/atmega2561/lib\libnutcrt.a(vfprintf_p.o)
                0x0000f854                vfprintf_P
 .text          0x0000f8c6       0x80 c:/ethernut-4.3.3/build/gcc/atmega2561/lib\libnutcrt.a(time.o)
                0x0000f902                time
                0x0000f8c6                stime
 .text          0x0000f946        0x0 c:/ethernut-4.3.3/build/gcc/atmega2561/lib\libnutcrt.a(errno.o)
 .text          0x0000f946       0x20 c:/ethernut-4.3.3/build/gcc/atmega2561/lib\libnutcrt.a(malloc.o)
                0x0000f94c                malloc
                0x0000f946                free
 .text          0x0000f966      0x6f2 c:/ethernut-4.3.3/build/gcc/atmega2561/lib\libnutcrt.a(putf.o)
                0x0000f9b6                _putf
 .text          0x00010058       0x26 c:/ethernut-4.3.3/build/gcc/atmega2561/lib\libnutcrt.a(write.o)
                0x00010058                _write
 .text          0x0001007e       0x26 c:/ethernut-4.3.3/build/gcc/atmega2561/lib\libnutcrt.a(write_p.o)
                0x0001007e                _write_P
 .text          0x000100a4       0x58 c:/ethernut-4.3.3/build/gcc/atmega2561/lib\libnutcrt.a(fmode.o)
                0x000100a4                _fmode
 .text          0x000100fc        0x0 c:/winavr-20070525/bin/../lib/gcc/avr/4.1.2/avr6\libgcc.a(_mulsi3.o)
 .text          0x000100fc        0x0 c:/winavr-20070525/bin/../lib/gcc/avr/4.1.2/avr6\libgcc.a(_udivmodqi4.o)
 .text          0x000100fc        0x0 c:/winavr-20070525/bin/../lib/gcc/avr/4.1.2/avr6\libgcc.a(_divmodqi4.o)
 .text          0x000100fc        0x0 c:/winavr-20070525/bin/../lib/gcc/avr/4.1.2/avr6\libgcc.a(_udivmodhi4.o)
 .text          0x000100fc        0x0 c:/winavr-20070525/bin/../lib/gcc/avr/4.1.2/avr6\libgcc.a(_divmodhi4.o)
 .text          0x000100fc        0x0 c:/winavr-20070525/bin/../lib/gcc/avr/4.1.2/avr6\libgcc.a(_udivmodsi4.o)
 .text          0x000100fc        0x0 c:/winavr-20070525/bin/../lib/gcc/avr/4.1.2/avr6\libgcc.a(_exit.o)
 .text          0x000100fc        0x0 c:/winavr-20070525/bin/../lib/gcc/avr/4.1.2/avr6\libgcc.a(_clear_bss.o)
 .text          0x000100fc        0x0 c:/winavr-20070525/bin/../lib/gcc/avr/4.1.2/../../../../avr/lib/avr6\libc.a(toupper.o)
 .text          0x000100fc       0x12 c:/winavr-20070525/bin/../lib/gcc/avr/4.1.2/../../../../avr/lib/avr6\libc.a(memcpy_P.o)
                0x000100fc                memcpy_P
 .text          0x0001010e        0xe c:/winavr-20070525/bin/../lib/gcc/avr/4.1.2/../../../../avr/lib/avr6\libc.a(strcpy_P.o)
                0x0001010e                strcpy_P
 .text          0x0001011c       0x12 c:/winavr-20070525/bin/../lib/gcc/avr/4.1.2/../../../../avr/lib/avr6\libc.a(strlen_P.o)
                0x0001011c                strlen_P
 .text          0x0001012e       0x1a c:/winavr-20070525/bin/../lib/gcc/avr/4.1.2/../../../../avr/lib/avr6\libc.a(memchr.o)
                0x0001012e                memchr
 .text          0x00010148       0x1a c:/winavr-20070525/bin/../lib/gcc/avr/4.1.2/../../../../avr/lib/avr6\libc.a(memcmp.o)
                0x00010148                memcmp
 .text          0x00010162       0x12 c:/winavr-20070525/bin/../lib/gcc/avr/4.1.2/../../../../avr/lib/avr6\libc.a(memcpy.o)
                0x00010162                memcpy
 .text          0x00010174        0xe c:/winavr-20070525/bin/../lib/gcc/avr/4.1.2/../../../../avr/lib/avr6\libc.a(memset.o)
                0x00010174                memset
 .text          0x00010182       0x16 c:/winavr-20070525/bin/../lib/gcc/avr/4.1.2/../../../../avr/lib/avr6\libc.a(strchr.o)
                0x00010182                strchr
 .text          0x00010198       0x12 c:/winavr-20070525/bin/../lib/gcc/avr/4.1.2/../../../../avr/lib/avr6\libc.a(strcmp.o)
                0x00010198                strcmp
 .text          0x000101aa        0xe c:/winavr-20070525/bin/../lib/gcc/avr/4.1.2/../../../../avr/lib/avr6\libc.a(strcpy.o)
                0x000101aa                strcpy
 .text          0x000101b8        0x0 c:/winavr-20070525/bin/../lib/gcc/avr/4.1.2/../../../../avr/lib/avr6\libc.a(ee_rb.1F2021.o)
 .text          0x000101b8        0x0 c:/winavr-20070525/bin/../lib/gcc/avr/4.1.2/../../../../avr/lib/avr6\libc.a(ee_wb.1F2021.o)
 .text          0x000101b8        0x0 c:/winavr-20070525/bin/../lib/gcc/avr/4.1.2/../../../../avr/lib/avr6\libc.a(isalpha.o)
 .text          0x000101b8        0x0 c:/winavr-20070525/bin/../lib/gcc/avr/4.1.2/../../../../avr/lib/avr6\libc.a(cty_isfalse.o)
                0x000101b8                . = ALIGN (0x2)
 *(.text.*)
 .text.libgcc   0x000101b8       0x3e c:/winavr-20070525/bin/../lib/gcc/avr/4.1.2/avr6\libgcc.a(_mulsi3.o)
                0x000101b8                __mulsi3
 .text.libgcc   0x000101f6       0x18 c:/winavr-20070525/bin/../lib/gcc/avr/4.1.2/avr6\libgcc.a(_udivmodqi4.o)
                0x000101f6                __udivmodqi4
 .text.libgcc   0x0001020e       0x1a c:/winavr-20070525/bin/../lib/gcc/avr/4.1.2/avr6\libgcc.a(_divmodqi4.o)
                0x0001020e                __divmodqi4
 .text.libgcc   0x00010228       0x28 c:/winavr-20070525/bin/../lib/gcc/avr/4.1.2/avr6\libgcc.a(_udivmodhi4.o)
                0x00010228                __udivmodhi4
 .text.libgcc   0x00010250       0x26 c:/winavr-20070525/bin/../lib/gcc/avr/4.1.2/avr6\libgcc.a(_divmodhi4.o)
                0x00010250                __divmodhi4
                0x00010250                _div
 .text.libgcc   0x00010276       0x44 c:/winavr-20070525/bin/../lib/gcc/avr/4.1.2/avr6\libgcc.a(_udivmodsi4.o)
                0x00010276                __udivmodsi4
 .text.libgcc   0x000102ba        0x0 c:/winavr-20070525/bin/../lib/gcc/avr/4.1.2/avr6\libgcc.a(_exit.o)
 .text.libgcc   0x000102ba        0x0 c:/winavr-20070525/bin/../lib/gcc/avr/4.1.2/avr6\libgcc.a(_clear_bss.o)
 .text.ctype    0x000102ba        0xc c:/winavr-20070525/bin/../lib/gcc/avr/4.1.2/../../../../avr/lib/avr6\libc.a(toupper.o)
                0x000102ba                toupper
 .text.eeprom   0x000102c6       0x10 c:/winavr-20070525/bin/../lib/gcc/avr/4.1.2/../../../../avr/lib/avr6\libc.a(ee_rb.1F2021.o)
                0x000102c6                __eeprom_read_byte_1F2021
 .text.eeprom   0x000102d6       0x18 c:/winavr-20070525/bin/../lib/gcc/avr/4.1.2/../../../../avr/lib/avr6\libc.a(ee_wb.1F2021.o)
                0x000102d6                __eeprom_write_byte_1F2021
 .text.ctype    0x000102ee       0x14 c:/winavr-20070525/bin/../lib/gcc/avr/4.1.2/../../../../avr/lib/avr6\libc.a(isalpha.o)
                0x000102f4                islower
                0x000102ee                isupper
                0x000102f2                isalpha
 .text.ctype    0x00010302        0x6 c:/winavr-20070525/bin/../lib/gcc/avr/4.1.2/../../../../avr/lib/avr6\libc.a(cty_isfalse.o)
                0x00010306                __ctype_istrue
                0x00010302                __ctype_isfalse
                0x00010308                . = ALIGN (0x2)
 *(.fini9)
 .fini9         0x00010308        0x0 c:/winavr-20070525/bin/../lib/gcc/avr/4.1.2/avr6\libgcc.a(_exit.o)
                0x00010308                exit
                0x00010308                _exit
 *(.fini9)
 *(.fini8)
 *(.fini8)
 *(.fini7)
 *(.fini7)
 *(.fini6)
 *(.fini6)
 *(.fini5)
 *(.fini5)
 *(.fini4)
 *(.fini4)
 *(.fini3)
 *(.fini3)
 *(.fini2)
 *(.fini2)
 *(.fini1)
 *(.fini1)
 *(.fini0)
 .fini0         0x00010308        0x2 c:/winavr-20070525/bin/../lib/gcc/avr/4.1.2/avr6\libgcc.a(_exit.o)
 *(.fini0)
                0x0001030a                _etext = .

.data           0x00800200      0x2ca load address 0x0001030a
                0x00800200                PROVIDE (__data_start, .)
 *(.data)
 .data          0x00800200        0x0 c:/winavr-20070525/bin/../lib/gcc/avr/4.1.2/../../../../avr/lib/avr6/crtm2561.o
 .data          0x00800200        0x0 ./source/main.o
 .data          0x00800200        0x0 ./source/uart0driver.o
 .data          0x00800200       0x10 ./source/log.o
 .data          0x00800210        0x0 ./source/led.o
 .data          0x00800210        0x0 ./source/keyboard.o
 .data          0x00800210        0x0 ./source/display.o
 .data          0x00800210        0x0 ./source/vs10xx.o
 .data          0x00800210        0x0 ./source/remcon.o
 .data          0x00800210        0x0 ./source/watchdog.o
 .data          0x00800210        0x0 ./source/mmc.o
 .data          0x00800210        0x0 ./source/spidrv.o
 .data          0x00800210        0x0 ./source/mmcdrv.o
 .data          0x00800210       0x64 ./source/fat.o
                0x00800210                devFAT
                0x00800233                devFATMMC0
 .data          0x00800274       0x50 ./source/flash.o
                0x00800274                at45_devt
 .data          0x008002c4        0x0 ./source/rtc.o
 .data          0x008002c4       0xa0 ./source/statemachine.o
                0x008002c4                states
 .data          0x00800364        0x0 ./source/backlight.o
 .data          0x00800364       0x20 ./source/state_welcomescreen.o
                0x00800364                text
 .data          0x00800384        0x0 ./source/state_alarmscreen.o
 .data          0x00800384        0x0 ./source/state_alarmSoundChooserscreen.o
 .data          0x00800384        0x0 ./source/state_clockscreen.o
 .data          0x00800384        0x0 ./source/state_confirmationscreen.o
 .data          0x00800384        0x0 ./source/state_factoryResetscreen.o
 .data          0x00800384        0x0 ./source/state_menuscreen.o
 .data          0x00800384        0x0 ./source/state_newDailyAlarmscreen.o
 .data          0x00800384        0x0 ./source/state_newOnceAlarmscreen.o
 .data          0x00800384        0x0 ./source/state_Radioscreen.o
 .data          0x00800384        0x0 ./source/state_settingsscreen.o
 .data          0x00800384        0x0 ./source/state_settingsTimeZonescreen.o
 .data          0x00800384        0x0 ./source/state_sleepTimerscreen.o
 .data          0x00800384        0x0 ./source/state_syncingscreen.o
 .data          0x00800384        0x0 ./source/state_timezoneStartscreen.o
 .data          0x00800384        0x0 ./source/state_typeOfAlarmscreen.o
 .data          0x00800384       0x11 ./source/ethernet.o
                0x00800384                result
 .data          0x00800395        0x0 ./source/TimeCalculations.o
 .data          0x00800395       0x14 c:/ethernut-4.3.3/build/gcc/atmega2561/lib/nutinit.o
                0x008003a8                idle_sleep_mode
 .data          0x008003a9        0x6 c:/ethernut-4.3.3/build/gcc/atmega2561/lib\libnutpro.a(dhcpc.o)
 .data          0x008003af        0x0 c:/ethernut-4.3.3/build/gcc/atmega2561/lib\libnutpro.a(resolv.o)
 .data          0x008003af        0x2 c:/ethernut-4.3.3/build/gcc/atmega2561/lib\libnutnet.a(udpsock.o)
 .data          0x008003b1        0x0 c:/ethernut-4.3.3/build/gcc/atmega2561/lib\libnutnet.a(inet.o)
 .data          0x008003b1        0xe c:/ethernut-4.3.3/build/gcc/atmega2561/lib\libnutnet.a(ifconfig.o)
 .data          0x008003bf        0x0 c:/ethernut-4.3.3/build/gcc/atmega2561/lib\libnutnet.a(confnet.o)
 .data          0x008003bf        0x0 c:/ethernut-4.3.3/build/gcc/atmega2561/lib\libnutnet.a(udpout.o)
 .data          0x008003bf        0x0 c:/ethernut-4.3.3/build/gcc/atmega2561/lib\libnutnet.a(ipcsum.o)
 .data          0x008003bf        0x0 c:/ethernut-4.3.3/build/gcc/atmega2561/lib\libnutnet.a(ipout.o)
 .data          0x008003bf        0x0 c:/ethernut-4.3.3/build/gcc/atmega2561/lib\libnutnet.a(route.o)
 .data          0x008003bf        0x0 c:/ethernut-4.3.3/build/gcc/atmega2561/lib\libnutnet.a(arpcache.o)
 .data          0x008003bf        0x0 c:/ethernut-4.3.3/build/gcc/atmega2561/lib\libnutnet.a(arpout.o)
 .data          0x008003bf        0x0 c:/ethernut-4.3.3/build/gcc/atmega2561/lib\libnutos.a(heap.o)
 .data          0x008003bf        0x0 c:/ethernut-4.3.3/build/gcc/atmega2561/lib\libnutos.a(bankmem.o)
 .data          0x008003bf        0x0 c:/ethernut-4.3.3/build/gcc/atmega2561/lib\libnutos.a(thread.o)
 .data          0x008003bf        0x0 c:/ethernut-4.3.3/build/gcc/atmega2561/lib\libnutos.a(timer.o)
 .data          0x008003bf        0x0 c:/ethernut-4.3.3/build/gcc/atmega2561/lib\libnutos.a(event.o)
 .data          0x008003bf        0x0 c:/ethernut-4.3.3/build/gcc/atmega2561/lib\libnutos.a(devreg.o)
 .data          0x008003bf        0x0 c:/ethernut-4.3.3/build/gcc/atmega2561/lib\libnutos.a(confos.o)
 .data          0x008003bf        0x0 c:/ethernut-4.3.3/build/gcc/atmega2561/lib\libnutdev.a(ihndlr.o)
 .data          0x008003bf        0x0 c:/ethernut-4.3.3/build/gcc/atmega2561/lib\libnutdev.a(netbuf.o)
 .data          0x008003bf        0x0 c:/ethernut-4.3.3/build/gcc/atmega2561/lib\libnutdev.a(nvmem.o)
 .data          0x008003bf        0x0 c:/ethernut-4.3.3/build/gcc/atmega2561/lib\libnutarch.a(context_gcc.o)
 .data          0x008003bf        0x0 c:/ethernut-4.3.3/build/gcc/atmega2561/lib\libnutarch.a(ostimer.o)
 .data          0x008003bf        0x6 c:/ethernut-4.3.3/build/gcc/atmega2561/lib\libnutarch.a(ih_int4.o)
                0x008003bf                sig_INTERRUPT4
 .data          0x008003c5        0x6 c:/ethernut-4.3.3/build/gcc/atmega2561/lib\libnutarch.a(ih_int6.o)
                0x008003c5                sig_INTERRUPT6
 .data          0x008003cb        0x6 c:/ethernut-4.3.3/build/gcc/atmega2561/lib\libnutarch.a(ih_timer0_ovf.o)
                0x008003cb                sig_OVERFLOW0
 .data          0x008003d1        0x6 c:/ethernut-4.3.3/build/gcc/atmega2561/lib\libnutarch.a(ih_timer2_comp.o)
                0x008003d1                sig_OUTPUT_COMPARE2
 .data          0x008003d7       0x23 c:/ethernut-4.3.3/build/gcc/atmega2561/lib\libnutarch.a(uart0.o)
                0x008003d7                devUart0
 .data          0x008003fa        0x0 c:/ethernut-4.3.3/build/gcc/atmega2561/lib\libnutarch.a(uartavr.o)
 .data          0x008003fa       0x46 c:/ethernut-4.3.3/build/gcc/atmega2561/lib\libnutarch.a(eth0rtl.o)
                0x008003fa                devEth0
 .data          0x00800440        0x0 c:/ethernut-4.3.3/build/gcc/atmega2561/lib\libnutarch.a(twif.o)
 .data          0x00800440        0x0 c:/ethernut-4.3.3/build/gcc/atmega2561/lib\libnutarch.a(eeprom.o)
 .data          0x00800440        0x6 c:/ethernut-4.3.3/build/gcc/atmega2561/lib\libnutarch.a(ih_twi.o)
                0x00800440                sig_2WIRE_SERIAL
 .data          0x00800446        0x6 c:/ethernut-4.3.3/build/gcc/atmega2561/lib\libnutarch.a(ih_usart0_rx.o)
                0x00800446                sig_UART0_RECV
 .data          0x0080044c        0x6 c:/ethernut-4.3.3/build/gcc/atmega2561/lib\libnutarch.a(ih_usart0_tx.o)
                0x0080044c                sig_UART0_TRANS
 .data          0x00800452        0x6 c:/ethernut-4.3.3/build/gcc/atmega2561/lib\libnutarch.a(ih_usart1_rx.o)
                0x00800452                sig_UART1_RECV
 .data          0x00800458        0x6 c:/ethernut-4.3.3/build/gcc/atmega2561/lib\libnutarch.a(ih_usart1_tx.o)
                0x00800458                sig_UART1_TRANS
 .data          0x0080045e        0x5 c:/ethernut-4.3.3/build/gcc/atmega2561/lib\libnutarch.a(nicrtl.o)
 .data          0x00800463        0x6 c:/ethernut-4.3.3/build/gcc/atmega2561/lib\libnutarch.a(ih_int5.o)
                0x00800463                sig_INTERRUPT5
 .data          0x00800469        0x0 c:/ethernut-4.3.3/build/gcc/atmega2561/lib\libnutnet.a(ethin.o)
 .data          0x00800469        0x0 c:/ethernut-4.3.3/build/gcc/atmega2561/lib\libnutnet.a(ethout.o)
 .data          0x00800469        0x0 c:/ethernut-4.3.3/build/gcc/atmega2561/lib\libnutnet.a(ipin.o)
 .data          0x00800469        0x0 c:/ethernut-4.3.3/build/gcc/atmega2561/lib\libnutnet.a(icmpin.o)
 .data          0x00800469        0x0 c:/ethernut-4.3.3/build/gcc/atmega2561/lib\libnutnet.a(icmpout.o)
 .data          0x00800469        0x0 c:/ethernut-4.3.3/build/gcc/atmega2561/lib\libnutnet.a(igmpin.o)
 .data          0x00800469        0x0 c:/ethernut-4.3.3/build/gcc/atmega2561/lib\libnutnet.a(arpin.o)
 .data          0x00800469        0x0 c:/ethernut-4.3.3/build/gcc/atmega2561/lib\libnutnet.a(tcpin.o)
 .data          0x00800469        0x6 c:/ethernut-4.3.3/build/gcc/atmega2561/lib\libnutnet.a(tcpsm.o)
 .data          0x0080046f        0x2 c:/ethernut-4.3.3/build/gcc/atmega2561/lib\libnutnet.a(tcpsock.o)
 .data          0x00800471        0x0 c:/ethernut-4.3.3/build/gcc/atmega2561/lib\libnutnet.a(tcputil.o)
 .data          0x00800471        0x0 c:/ethernut-4.3.3/build/gcc/atmega2561/lib\libnutnet.a(udpin.o)
 .data          0x00800471        0x0 c:/ethernut-4.3.3/build/gcc/atmega2561/lib\libnutnet.a(tcpout.o)
 .data          0x00800471        0x0 c:/ethernut-4.3.3/build/gcc/atmega2561/lib\libnutcrt.a(close.o)
 .data          0x00800471        0x0 c:/ethernut-4.3.3/build/gcc/atmega2561/lib\libnutcrt.a(ioctl.o)
 .data          0x00800471        0x0 c:/ethernut-4.3.3/build/gcc/atmega2561/lib\libnutcrt.a(open.o)
 .data          0x00800471        0x0 c:/ethernut-4.3.3/build/gcc/atmega2561/lib\libnutcrt.a(fclose.o)
 .data          0x00800471        0x0 c:/ethernut-4.3.3/build/gcc/atmega2561/lib\libnutcrt.a(fflush.o)
 .data          0x00800471        0x0 c:/ethernut-4.3.3/build/gcc/atmega2561/lib\libnutcrt.a(fileno.o)
 .data          0x00800471       0x10 c:/ethernut-4.3.3/build/gcc/atmega2561/lib\libnutcrt.a(fopen.o)
                0x00800471                __iob
 .data          0x00800481        0x0 c:/ethernut-4.3.3/build/gcc/atmega2561/lib\libnutcrt.a(freopen.o)
 .data          0x00800481        0x0 c:/ethernut-4.3.3/build/gcc/atmega2561/lib\libnutcrt.a(fputc.o)
 .data          0x00800481        0x0 c:/ethernut-4.3.3/build/gcc/atmega2561/lib\libnutcrt.a(fputs.o)
 .data          0x00800481        0x0 c:/ethernut-4.3.3/build/gcc/atmega2561/lib\libnutcrt.a(fputs_p.o)
 .data          0x00800481        0x0 c:/ethernut-4.3.3/build/gcc/atmega2561/lib\libnutcrt.a(vfprintf_p.o)
 .data          0x00800481        0x0 c:/ethernut-4.3.3/build/gcc/atmega2561/lib\libnutcrt.a(time.o)
 .data          0x00800481        0x0 c:/ethernut-4.3.3/build/gcc/atmega2561/lib\libnutcrt.a(errno.o)
 .data          0x00800481        0x0 c:/ethernut-4.3.3/build/gcc/atmega2561/lib\libnutcrt.a(malloc.o)
 .data          0x00800481       0x49 c:/ethernut-4.3.3/build/gcc/atmega2561/lib\libnutcrt.a(putf.o)
 .data          0x008004ca        0x0 c:/ethernut-4.3.3/build/gcc/atmega2561/lib\libnutcrt.a(write.o)
 .data          0x008004ca        0x0 c:/ethernut-4.3.3/build/gcc/atmega2561/lib\libnutcrt.a(write_p.o)
 .data          0x008004ca        0x0 c:/ethernut-4.3.3/build/gcc/atmega2561/lib\libnutcrt.a(fmode.o)
 .data          0x008004ca        0x0 c:/winavr-20070525/bin/../lib/gcc/avr/4.1.2/avr6\libgcc.a(_mulsi3.o)
 .data          0x008004ca        0x0 c:/winavr-20070525/bin/../lib/gcc/avr/4.1.2/avr6\libgcc.a(_udivmodqi4.o)
 .data          0x008004ca        0x0 c:/winavr-20070525/bin/../lib/gcc/avr/4.1.2/avr6\libgcc.a(_divmodqi4.o)
 .data          0x008004ca        0x0 c:/winavr-20070525/bin/../lib/gcc/avr/4.1.2/avr6\libgcc.a(_udivmodhi4.o)
 .data          0x008004ca        0x0 c:/winavr-20070525/bin/../lib/gcc/avr/4.1.2/avr6\libgcc.a(_divmodhi4.o)
 .data          0x008004ca        0x0 c:/winavr-20070525/bin/../lib/gcc/avr/4.1.2/avr6\libgcc.a(_udivmodsi4.o)
 .data          0x008004ca        0x0 c:/winavr-20070525/bin/../lib/gcc/avr/4.1.2/avr6\libgcc.a(_exit.o)
 .data          0x008004ca        0x0 c:/winavr-20070525/bin/../lib/gcc/avr/4.1.2/avr6\libgcc.a(_clear_bss.o)
 .data          0x008004ca        0x0 c:/winavr-20070525/bin/../lib/gcc/avr/4.1.2/../../../../avr/lib/avr6\libc.a(toupper.o)
 .data          0x008004ca        0x0 c:/winavr-20070525/bin/../lib/gcc/avr/4.1.2/../../../../avr/lib/avr6\libc.a(memcpy_P.o)
 .data          0x008004ca        0x0 c:/winavr-20070525/bin/../lib/gcc/avr/4.1.2/../../../../avr/lib/avr6\libc.a(strcpy_P.o)
 .data          0x008004ca        0x0 c:/winavr-20070525/bin/../lib/gcc/avr/4.1.2/../../../../avr/lib/avr6\libc.a(strlen_P.o)
 .data          0x008004ca        0x0 c:/winavr-20070525/bin/../lib/gcc/avr/4.1.2/../../../../avr/lib/avr6\libc.a(memchr.o)
 .data          0x008004ca        0x0 c:/winavr-20070525/bin/../lib/gcc/avr/4.1.2/../../../../avr/lib/avr6\libc.a(memcmp.o)
 .data          0x008004ca        0x0 c:/winavr-20070525/bin/../lib/gcc/avr/4.1.2/../../../../avr/lib/avr6\libc.a(memcpy.o)
 .data          0x008004ca        0x0 c:/winavr-20070525/bin/../lib/gcc/avr/4.1.2/../../../../avr/lib/avr6\libc.a(memset.o)
 .data          0x008004ca        0x0 c:/winavr-20070525/bin/../lib/gcc/avr/4.1.2/../../../../avr/lib/avr6\libc.a(strchr.o)
 .data          0x008004ca        0x0 c:/winavr-20070525/bin/../lib/gcc/avr/4.1.2/../../../../avr/lib/avr6\libc.a(strcmp.o)
 .data          0x008004ca        0x0 c:/winavr-20070525/bin/../lib/gcc/avr/4.1.2/../../../../avr/lib/avr6\libc.a(strcpy.o)
 .data          0x008004ca        0x0 c:/winavr-20070525/bin/../lib/gcc/avr/4.1.2/../../../../avr/lib/avr6\libc.a(ee_rb.1F2021.o)
 .data          0x008004ca        0x0 c:/winavr-20070525/bin/../lib/gcc/avr/4.1.2/../../../../avr/lib/avr6\libc.a(ee_wb.1F2021.o)
 .data          0x008004ca        0x0 c:/winavr-20070525/bin/../lib/gcc/avr/4.1.2/../../../../avr/lib/avr6\libc.a(isalpha.o)
 .data          0x008004ca        0x0 c:/winavr-20070525/bin/../lib/gcc/avr/4.1.2/../../../../avr/lib/avr6\libc.a(cty_isfalse.o)
 *(.data*)
 *(.rodata)
 *(.rodata*)
 *(.gnu.linkonce.d*)
                0x008004ca                . = ALIGN (0x2)
                0x008004ca                _edata = .
                0x008004ca                PROVIDE (__data_end, .)

.bss            0x008004ca      0x421
                0x008004ca                PROVIDE (__bss_start, .)
 *(.bss)
 .bss           0x008004ca        0x0 c:/winavr-20070525/bin/../lib/gcc/avr/4.1.2/../../../../avr/lib/avr6/crtm2561.o
 .bss           0x008004ca        0x0 ./source/main.o
 .bss           0x008004ca        0x2 ./source/uart0driver.o
 .bss           0x008004cc        0x3 ./source/log.o
 .bss           0x008004cf        0x1 ./source/led.o
 .bss           0x008004d0       0x18 ./source/keyboard.o
 .bss           0x008004e8        0x0 ./source/display.o
 .bss           0x008004e8        0x3 ./source/vs10xx.o
 .bss           0x008004eb        0x2 ./source/remcon.o
 .bss           0x008004ed        0x2 ./source/watchdog.o
 .bss           0x008004ef        0x7 ./source/mmc.o
 .bss           0x008004f6        0x1 ./source/spidrv.o
 .bss           0x008004f7        0xf ./source/mmcdrv.o
 .bss           0x00800506       0x70 ./source/fat.o
 .bss           0x00800576        0xa ./source/flash.o
 .bss           0x00800580        0x4 ./source/rtc.o
 .bss           0x00800584        0x0 ./source/statemachine.o
 .bss           0x00800584        0x2 ./source/backlight.o
                0x00800584                backlightStatus
 .bss           0x00800586        0x0 ./source/state_welcomescreen.o
 .bss           0x00800586        0x0 ./source/state_alarmscreen.o
 .bss           0x00800586        0x0 ./source/state_alarmSoundChooserscreen.o
 .bss           0x00800586        0x0 ./source/state_clockscreen.o
 .bss           0x00800586        0x0 ./source/state_confirmationscreen.o
 .bss           0x00800586        0x0 ./source/state_factoryResetscreen.o
 .bss           0x00800586        0x0 ./source/state_menuscreen.o
 .bss           0x00800586        0x0 ./source/state_newDailyAlarmscreen.o
 .bss           0x00800586        0x0 ./source/state_newOnceAlarmscreen.o
 .bss           0x00800586        0x0 ./source/state_Radioscreen.o
 .bss           0x00800586        0x0 ./source/state_settingsscreen.o
 .bss           0x00800586        0x0 ./source/state_settingsTimeZonescreen.o
 .bss           0x00800586        0x0 ./source/state_sleepTimerscreen.o
 .bss           0x00800586        0x0 ./source/state_syncingscreen.o
 .bss           0x00800586        0x0 ./source/state_timezoneStartscreen.o
 .bss           0x00800586        0x0 ./source/state_typeOfAlarmscreen.o
 .bss           0x00800586        0x0 ./source/ethernet.o
 .bss           0x00800586        0x0 ./source/TimeCalculations.o
 .bss           0x00800586        0x1 c:/ethernut-4.3.3/build/gcc/atmega2561/lib/nutinit.o
                0x00800586                ms62_5
 .bss           0x00800587       0x13 c:/ethernut-4.3.3/build/gcc/atmega2561/lib\libnutpro.a(dhcpc.o)
 .bss           0x0080059a        0xc c:/ethernut-4.3.3/build/gcc/atmega2561/lib\libnutpro.a(resolv.o)
 .bss           0x008005a6        0x0 c:/ethernut-4.3.3/build/gcc/atmega2561/lib\libnutnet.a(udpsock.o)
 .bss           0x008005a6       0x10 c:/ethernut-4.3.3/build/gcc/atmega2561/lib\libnutnet.a(inet.o)
 .bss           0x008005b6        0x0 c:/ethernut-4.3.3/build/gcc/atmega2561/lib\libnutnet.a(ifconfig.o)
 .bss           0x008005b6        0x0 c:/ethernut-4.3.3/build/gcc/atmega2561/lib\libnutnet.a(confnet.o)
 .bss           0x008005b6        0x0 c:/ethernut-4.3.3/build/gcc/atmega2561/lib\libnutnet.a(udpout.o)
 .bss           0x008005b6        0x0 c:/ethernut-4.3.3/build/gcc/atmega2561/lib\libnutnet.a(ipcsum.o)
 .bss           0x008005b6        0x0 c:/ethernut-4.3.3/build/gcc/atmega2561/lib\libnutnet.a(ipout.o)
 .bss           0x008005b6        0x0 c:/ethernut-4.3.3/build/gcc/atmega2561/lib\libnutnet.a(route.o)
 .bss           0x008005b6        0x4 c:/ethernut-4.3.3/build/gcc/atmega2561/lib\libnutnet.a(arpcache.o)
 .bss           0x008005ba        0x0 c:/ethernut-4.3.3/build/gcc/atmega2561/lib\libnutnet.a(arpout.o)
 .bss           0x008005ba        0x2 c:/ethernut-4.3.3/build/gcc/atmega2561/lib\libnutos.a(heap.o)
 .bss           0x008005bc       0x13 c:/ethernut-4.3.3/build/gcc/atmega2561/lib\libnutos.a(bankmem.o)
 .bss           0x008005cf        0x0 c:/ethernut-4.3.3/build/gcc/atmega2561/lib\libnutos.a(thread.o)
 .bss           0x008005cf        0x4 c:/ethernut-4.3.3/build/gcc/atmega2561/lib\libnutos.a(timer.o)
 .bss           0x008005d3        0x0 c:/ethernut-4.3.3/build/gcc/atmega2561/lib\libnutos.a(event.o)
 .bss           0x008005d3        0x2 c:/ethernut-4.3.3/build/gcc/atmega2561/lib\libnutos.a(devreg.o)
                0x008005d3                nutDeviceList
 .bss           0x008005d5        0x0 c:/ethernut-4.3.3/build/gcc/atmega2561/lib\libnutos.a(confos.o)
 .bss           0x008005d5        0x0 c:/ethernut-4.3.3/build/gcc/atmega2561/lib\libnutdev.a(ihndlr.o)
 .bss           0x008005d5        0x0 c:/ethernut-4.3.3/build/gcc/atmega2561/lib\libnutdev.a(netbuf.o)
 .bss           0x008005d5        0x0 c:/ethernut-4.3.3/build/gcc/atmega2561/lib\libnutdev.a(nvmem.o)
 .bss           0x008005d5        0x0 c:/ethernut-4.3.3/build/gcc/atmega2561/lib\libnutarch.a(context_gcc.o)
 .bss           0x008005d5        0x4 c:/ethernut-4.3.3/build/gcc/atmega2561/lib\libnutarch.a(ostimer.o)
 .bss           0x008005d9        0x0 c:/ethernut-4.3.3/build/gcc/atmega2561/lib\libnutarch.a(ih_int4.o)
 .bss           0x008005d9        0x0 c:/ethernut-4.3.3/build/gcc/atmega2561/lib\libnutarch.a(ih_int6.o)
 .bss           0x008005d9        0x0 c:/ethernut-4.3.3/build/gcc/atmega2561/lib\libnutarch.a(ih_timer0_ovf.o)
 .bss           0x008005d9        0x0 c:/ethernut-4.3.3/build/gcc/atmega2561/lib\libnutarch.a(ih_timer2_comp.o)
 .bss           0x008005d9      0x21c c:/ethernut-4.3.3/build/gcc/atmega2561/lib\libnutarch.a(uart0.o)
 .bss           0x008007f5        0x0 c:/ethernut-4.3.3/build/gcc/atmega2561/lib\libnutarch.a(uartavr.o)
 .bss           0x008007f5       0x26 c:/ethernut-4.3.3/build/gcc/atmega2561/lib\libnutarch.a(eth0rtl.o)
 .bss           0x0080081b       0x1f c:/ethernut-4.3.3/build/gcc/atmega2561/lib\libnutarch.a(twif.o)
 .bss           0x0080083a        0x0 c:/ethernut-4.3.3/build/gcc/atmega2561/lib\libnutarch.a(eeprom.o)
 .bss           0x0080083a        0x0 c:/ethernut-4.3.3/build/gcc/atmega2561/lib\libnutarch.a(ih_twi.o)
 .bss           0x0080083a        0x0 c:/ethernut-4.3.3/build/gcc/atmega2561/lib\libnutarch.a(ih_usart0_rx.o)
 .bss           0x0080083a        0x0 c:/ethernut-4.3.3/build/gcc/atmega2561/lib\libnutarch.a(ih_usart0_tx.o)
 .bss           0x0080083a        0x0 c:/ethernut-4.3.3/build/gcc/atmega2561/lib\libnutarch.a(ih_usart1_rx.o)
 .bss           0x0080083a        0x0 c:/ethernut-4.3.3/build/gcc/atmega2561/lib\libnutarch.a(ih_usart1_tx.o)
 .bss           0x0080083a        0x0 c:/ethernut-4.3.3/build/gcc/atmega2561/lib\libnutarch.a(nicrtl.o)
 .bss           0x0080083a        0x0 c:/ethernut-4.3.3/build/gcc/atmega2561/lib\libnutarch.a(ih_int5.o)
 .bss           0x0080083a        0x0 c:/ethernut-4.3.3/build/gcc/atmega2561/lib\libnutnet.a(ethin.o)
 .bss           0x0080083a        0x0 c:/ethernut-4.3.3/build/gcc/atmega2561/lib\libnutnet.a(ethout.o)
 .bss           0x0080083a        0x2 c:/ethernut-4.3.3/build/gcc/atmega2561/lib\libnutnet.a(ipin.o)
 .bss           0x0080083c        0x0 c:/ethernut-4.3.3/build/gcc/atmega2561/lib\libnutnet.a(icmpin.o)
 .bss           0x0080083c        0x0 c:/ethernut-4.3.3/build/gcc/atmega2561/lib\libnutnet.a(icmpout.o)
 .bss           0x0080083c        0x0 c:/ethernut-4.3.3/build/gcc/atmega2561/lib\libnutnet.a(igmpin.o)
 .bss           0x0080083c        0x0 c:/ethernut-4.3.3/build/gcc/atmega2561/lib\libnutnet.a(arpin.o)
 .bss           0x0080083c        0x0 c:/ethernut-4.3.3/build/gcc/atmega2561/lib\libnutnet.a(tcpin.o)
 .bss           0x0080083c        0x4 c:/ethernut-4.3.3/build/gcc/atmega2561/lib\libnutnet.a(tcpsm.o)
 .bss           0x00800840        0x3 c:/ethernut-4.3.3/build/gcc/atmega2561/lib\libnutnet.a(tcpsock.o)
                0x00800840                tcpSocketList
 .bss           0x00800843        0x0 c:/ethernut-4.3.3/build/gcc/atmega2561/lib\libnutnet.a(tcputil.o)
 .bss           0x00800843        0x0 c:/ethernut-4.3.3/build/gcc/atmega2561/lib\libnutnet.a(udpin.o)
 .bss           0x00800843        0x0 c:/ethernut-4.3.3/build/gcc/atmega2561/lib\libnutnet.a(tcpout.o)
 .bss           0x00800843        0x0 c:/ethernut-4.3.3/build/gcc/atmega2561/lib\libnutcrt.a(close.o)
 .bss           0x00800843        0x0 c:/ethernut-4.3.3/build/gcc/atmega2561/lib\libnutcrt.a(ioctl.o)
 .bss           0x00800843        0x0 c:/ethernut-4.3.3/build/gcc/atmega2561/lib\libnutcrt.a(open.o)
 .bss           0x00800843        0x0 c:/ethernut-4.3.3/build/gcc/atmega2561/lib\libnutcrt.a(fclose.o)
 .bss           0x00800843        0x0 c:/ethernut-4.3.3/build/gcc/atmega2561/lib\libnutcrt.a(fflush.o)
 .bss           0x00800843        0x0 c:/ethernut-4.3.3/build/gcc/atmega2561/lib\libnutcrt.a(fileno.o)
 .bss           0x00800843        0x0 c:/ethernut-4.3.3/build/gcc/atmega2561/lib\libnutcrt.a(fopen.o)
 .bss           0x00800843        0x0 c:/ethernut-4.3.3/build/gcc/atmega2561/lib\libnutcrt.a(freopen.o)
 .bss           0x00800843        0x0 c:/ethernut-4.3.3/build/gcc/atmega2561/lib\libnutcrt.a(fputc.o)
 .bss           0x00800843        0x0 c:/ethernut-4.3.3/build/gcc/atmega2561/lib\libnutcrt.a(fputs.o)
 .bss           0x00800843        0x0 c:/ethernut-4.3.3/build/gcc/atmega2561/lib\libnutcrt.a(fputs_p.o)
 .bss           0x00800843        0x0 c:/ethernut-4.3.3/build/gcc/atmega2561/lib\libnutcrt.a(vfprintf_p.o)
 .bss           0x00800843        0x4 c:/ethernut-4.3.3/build/gcc/atmega2561/lib\libnutcrt.a(time.o)
 .bss           0x00800847        0x0 c:/ethernut-4.3.3/build/gcc/atmega2561/lib\libnutcrt.a(errno.o)
 .bss           0x00800847        0x0 c:/ethernut-4.3.3/build/gcc/atmega2561/lib\libnutcrt.a(malloc.o)
 .bss           0x00800847        0x0 c:/ethernut-4.3.3/build/gcc/atmega2561/lib\libnutcrt.a(putf.o)
 .bss           0x00800847        0x0 c:/ethernut-4.3.3/build/gcc/atmega2561/lib\libnutcrt.a(write.o)
 .bss           0x00800847        0x0 c:/ethernut-4.3.3/build/gcc/atmega2561/lib\libnutcrt.a(write_p.o)
 .bss           0x00800847        0x0 c:/ethernut-4.3.3/build/gcc/atmega2561/lib\libnutcrt.a(fmode.o)
 .bss           0x00800847        0x0 c:/winavr-20070525/bin/../lib/gcc/avr/4.1.2/avr6\libgcc.a(_mulsi3.o)
 .bss           0x00800847        0x0 c:/winavr-20070525/bin/../lib/gcc/avr/4.1.2/avr6\libgcc.a(_udivmodqi4.o)
 .bss           0x00800847        0x0 c:/winavr-20070525/bin/../lib/gcc/avr/4.1.2/avr6\libgcc.a(_divmodqi4.o)
 .bss           0x00800847        0x0 c:/winavr-20070525/bin/../lib/gcc/avr/4.1.2/avr6\libgcc.a(_udivmodhi4.o)
 .bss           0x00800847        0x0 c:/winavr-20070525/bin/../lib/gcc/avr/4.1.2/avr6\libgcc.a(_divmodhi4.o)
 .bss           0x00800847        0x0 c:/winavr-20070525/bin/../lib/gcc/avr/4.1.2/avr6\libgcc.a(_udivmodsi4.o)
 .bss           0x00800847        0x0 c:/winavr-20070525/bin/../lib/gcc/avr/4.1.2/avr6\libgcc.a(_exit.o)
 .bss           0x00800847        0x0 c:/winavr-20070525/bin/../lib/gcc/avr/4.1.2/avr6\libgcc.a(_clear_bss.o)
 .bss           0x00800847        0x0 c:/winavr-20070525/bin/../lib/gcc/avr/4.1.2/../../../../avr/lib/avr6\libc.a(toupper.o)
 .bss           0x00800847        0x0 c:/winavr-20070525/bin/../lib/gcc/avr/4.1.2/../../../../avr/lib/avr6\libc.a(memcpy_P.o)
 .bss           0x00800847        0x0 c:/winavr-20070525/bin/../lib/gcc/avr/4.1.2/../../../../avr/lib/avr6\libc.a(strcpy_P.o)
 .bss           0x00800847        0x0 c:/winavr-20070525/bin/../lib/gcc/avr/4.1.2/../../../../avr/lib/avr6\libc.a(strlen_P.o)
 .bss           0x00800847        0x0 c:/winavr-20070525/bin/../lib/gcc/avr/4.1.2/../../../../avr/lib/avr6\libc.a(memchr.o)
 .bss           0x00800847        0x0 c:/winavr-20070525/bin/../lib/gcc/avr/4.1.2/../../../../avr/lib/avr6\libc.a(memcmp.o)
 .bss           0x00800847        0x0 c:/winavr-20070525/bin/../lib/gcc/avr/4.1.2/../../../../avr/lib/avr6\libc.a(memcpy.o)
 .bss           0x00800847        0x0 c:/winavr-20070525/bin/../lib/gcc/avr/4.1.2/../../../../avr/lib/avr6\libc.a(memset.o)
 .bss           0x00800847        0x0 c:/winavr-20070525/bin/../lib/gcc/avr/4.1.2/../../../../avr/lib/avr6\libc.a(strchr.o)
 .bss           0x00800847        0x0 c:/winavr-20070525/bin/../lib/gcc/avr/4.1.2/../../../../avr/lib/avr6\libc.a(strcmp.o)
 .bss           0x00800847        0x0 c:/winavr-20070525/bin/../lib/gcc/avr/4.1.2/../../../../avr/lib/avr6\libc.a(strcpy.o)
 .bss           0x00800847        0x0 c:/winavr-20070525/bin/../lib/gcc/avr/4.1.2/../../../../avr/lib/avr6\libc.a(ee_rb.1F2021.o)
 .bss           0x00800847        0x0 c:/winavr-20070525/bin/../lib/gcc/avr/4.1.2/../../../../avr/lib/avr6\libc.a(ee_wb.1F2021.o)
 .bss           0x00800847        0x0 c:/winavr-20070525/bin/../lib/gcc/avr/4.1.2/../../../../avr/lib/avr6\libc.a(isalpha.o)
 .bss           0x00800847        0x0 c:/winavr-20070525/bin/../lib/gcc/avr/4.1.2/../../../../avr/lib/avr6\libc.a(cty_isfalse.o)
 *(.bss*)
 *(COMMON)
 COMMON         0x00800847        0x2 ./source/statemachine.o
                0x00800847                currentstate
 COMMON         0x00800849        0x2 ./source/backlight.o
                0x00800849                old
 COMMON         0x0080084b        0x4 ./source/state_welcomescreen.o
                0x0080084b                hasChangedSinceLoop
                0x0080084d                amountoOfLoops
 COMMON         0x0080084f        0x2 ./source/state_clockscreen.o
                0x0080084f                amountOf10ms
 COMMON         0x00800851       0x40 c:/ethernut-4.3.3/build/gcc/atmega2561/lib/nutinit.o
                0x00800851                nutmem_onchip
 COMMON         0x00800891        0x2 c:/ethernut-4.3.3/build/gcc/atmega2561/lib\libnutnet.a(udpsock.o)
                0x00800891                udpSocketList
 COMMON         0x00800893        0x1 c:/ethernut-4.3.3/build/gcc/atmega2561/lib\libnutnet.a(ifconfig.o)
                0x00800893                ppp_hackup
 COMMON         0x00800894       0x20 c:/ethernut-4.3.3/build/gcc/atmega2561/lib\libnutnet.a(confnet.o)
                0x00800894                confnet
 COMMON         0x008008b4        0x2 c:/ethernut-4.3.3/build/gcc/atmega2561/lib\libnutnet.a(route.o)
                0x008008b4                rteList
 COMMON         0x008008b6        0x2 c:/ethernut-4.3.3/build/gcc/atmega2561/lib\libnutos.a(heap.o)
                0x008008b6                heapFreeList
 COMMON         0x008008b8        0x8 c:/ethernut-4.3.3/build/gcc/atmega2561/lib\libnutos.a(thread.o)
                0x008008b8                nutThreadList
                0x008008ba                runQueue
                0x008008bc                runningThread
                0x008008be                killedThread
 COMMON         0x008008c0        0xa c:/ethernut-4.3.3/build/gcc/atmega2561/lib\libnutos.a(timer.o)
                0x008008c0                nut_delay_loops
                0x008008c4                nutTimerList
                0x008008c6                nut_ticks
 COMMON         0x008008ca       0x13 c:/ethernut-4.3.3/build/gcc/atmega2561/lib\libnutos.a(confos.o)
                0x008008ca                confos
 COMMON         0x008008dd        0x8 c:/ethernut-4.3.3/build/gcc/atmega2561/lib\libnutarch.a(twif.o)
                0x008008dd                tw_mm_mutex
                0x008008df                tw_mm_que
                0x008008e1                tw_sr_que
                0x008008e3                tw_st_que
 COMMON         0x008008e5        0x4 c:/ethernut-4.3.3/build/gcc/atmega2561/lib\libnutnet.a(tcpsm.o)
                0x008008e5                tcp_in_nbq
                0x008008e7                tcp_in_rdy
 COMMON         0x008008e9        0x2 c:/ethernut-4.3.3/build/gcc/atmega2561/lib\libnutcrt.a(errno.o)
                0x008008e9                errno
                0x008008eb                PROVIDE (__bss_end, .)
                0x0001030a                __data_load_start = LOADADDR (.data)
                0x000105d4                __data_load_end = (__data_load_start + SIZEOF (.data))

.noinit         0x008008eb        0x0
                0x008008eb                PROVIDE (__noinit_start, .)
 *(.noinit*)
                0x008008eb                PROVIDE (__noinit_end, .)
                0x008008eb                _end = .
                0x008008eb                PROVIDE (__heap_start, .)

.eeprom         0x00810000        0x0
 *(.eeprom*)
                0x00810000                __eeprom_end = .

.stab           0x00000000      0x414
 *(.stab)
 .stab          0x00000000      0x414 c:/winavr-20070525/bin/../lib/gcc/avr/4.1.2/../../../../avr/lib/avr6/crtm2561.o

.stabstr        0x00000000       0x71
 *(.stabstr)
 .stabstr       0x00000000       0x71 c:/winavr-20070525/bin/../lib/gcc/avr/4.1.2/../../../../avr/lib/avr6/crtm2561.o

.stab.excl
 *(.stab.excl)

.stab.exclstr
 *(.stab.exclstr)

.stab.index
 *(.stab.index)

.stab.indexstr
 *(.stab.indexstr)

.comment
 *(.comment)

.debug
 *(.debug)

.line
 *(.line)

.debug_srcinfo
 *(.debug_srcinfo)

.debug_sfnames
 *(.debug_sfnames)

.debug_aranges
 *(.debug_aranges)

.debug_pubnames
 *(.debug_pubnames)

.debug_info
 *(.debug_info)
 *(.gnu.linkonce.wi.*)

.debug_abbrev
 *(.debug_abbrev)

.debug_line
 *(.debug_line)

.debug_frame
 *(.debug_frame)

.debug_str
 *(.debug_str)

.debug_loc
 *(.debug_loc)

.debug_macinfo
 *(.debug_macinfo)
OUTPUT(ipac.elf elf32-avr)
LOAD linker stubs

Cross Reference Table

Symbol                                            File
At45dbChipErase                                   ./source/flash.o
At45dbGetStatus                                   ./source/flash.o
At45dbInit                                        ./source/flash.o
                                                  ./source/main.o
At45dbPageErase                                   ./source/flash.o
At45dbPageRead                                    ./source/flash.o
At45dbPageWrite                                   ./source/flash.o
At45dbSendCmd                                     ./source/flash.o
At45dbWaitReady                                   ./source/flash.o
CallHandler                                       c:/ethernut-4.3.3/build/gcc/atmega2561/lib\libnutdev.a(ihndlr.o)
                                                  c:/ethernut-4.3.3/build/gcc/atmega2561/lib\libnutarch.a(ih_int5.o)
                                                  c:/ethernut-4.3.3/build/gcc/atmega2561/lib\libnutarch.a(ih_usart1_tx.o)
                                                  c:/ethernut-4.3.3/build/gcc/atmega2561/lib\libnutarch.a(ih_usart1_rx.o)
                                                  c:/ethernut-4.3.3/build/gcc/atmega2561/lib\libnutarch.a(ih_usart0_tx.o)
                                                  c:/ethernut-4.3.3/build/gcc/atmega2561/lib\libnutarch.a(ih_usart0_rx.o)
                                                  c:/ethernut-4.3.3/build/gcc/atmega2561/lib\libnutarch.a(ih_twi.o)
                                                  c:/ethernut-4.3.3/build/gcc/atmega2561/lib\libnutarch.a(ih_timer2_comp.o)
                                                  c:/ethernut-4.3.3/build/gcc/atmega2561/lib\libnutarch.a(ih_timer0_ovf.o)
                                                  c:/ethernut-4.3.3/build/gcc/atmega2561/lib\libnutarch.a(ih_int6.o)
                                                  c:/ethernut-4.3.3/build/gcc/atmega2561/lib\libnutarch.a(ih_int4.o)
CardCheckCard                                     ./source/mmc.o
                                                  ./source/main.o
CardCheckPresent                                  ./source/mmc.o
CardClose                                         ./source/mmc.o
CardInit                                          ./source/mmc.o
                                                  ./source/main.o
CardInitCard                                      ./source/mmc.o
CardPresent                                       ./source/mmc.o
CardStatus                                        ./source/mmc.o
FATFileRead                                       ./source/fat.o
FATFileSize                                       ./source/fat.o
FATFree                                           ./source/fat.o
FATIOCtl                                          ./source/fat.o
FATLock                                           ./source/fat.o
FATRelease                                        ./source/fat.o
                                                  ./source/mmc.o
FATSemaInit                                       ./source/fat.o
GetThreadByName                                   c:/ethernut-4.3.3/build/gcc/atmega2561/lib\libnutos.a(thread.o)
                                                  ./source/mmc.o
HexDump                                           ./source/log.o
IsInLimits                                        c:/ethernut-4.3.3/build/gcc/atmega2561/lib\libnutnet.a(tcputil.o)
                                                  c:/ethernut-4.3.3/build/gcc/atmega2561/lib\libnutnet.a(tcpsm.o)
KbGetKey                                          ./source/keyboard.o
                                                  ./source/statemachine.o
KbInit                                            ./source/keyboard.o
                                                  ./source/main.o
KbInjectKey                                       ./source/keyboard.o
                                                  ./source/mmc.o
KbScan                                            ./source/keyboard.o
                                                  ./source/main.o
KbSetKeyRepeating                                 ./source/keyboard.o
KbWaitForKeyEvent                                 ./source/keyboard.o
LcdBackLight                                      ./source/display.o
                                                  ./source/backlight.o
LcdChar                                           ./source/display.o
                                                  ./source/state_clockscreen.o
LcdClear                                          ./source/display.o
                                                  ./source/state_clockscreen.o
LcdDisplayStr                                     ./source/display.o
                                                  ./source/state_welcomescreen.o
LcdLowLevelInit                                   ./source/display.o
                                                  ./source/main.o
LcdNextLine                                       ./source/display.o
LedControl                                        ./source/led.o
LedGetStatus                                      ./source/led.o
LedInit                                           ./source/led.o
                                                  ./source/main.o
LogChar_P                                         ./source/log.o
LogClose                                          ./source/log.o
LogInit                                           ./source/log.o
                                                  ./source/main.o
LogMsg_P                                          ./source/log.o
                                                  ./source/ethernet.o
                                                  ./source/state_clockscreen.o
                                                  ./source/statemachine.o
                                                  ./source/mmcdrv.o
                                                  ./source/spidrv.o
                                                  ./source/mmc.o
                                                  ./source/main.o
LogOpen                                           ./source/log.o
LogSetLevel                                       ./source/log.o
MMCGetSectorSize                                  ./source/mmcdrv.o
                                                  ./source/fat.o
MMCGetTotalSectors                                ./source/mmcdrv.o
                                                  ./source/fat.o
MMCInit                                           ./source/mmcdrv.o
                                                  ./source/fat.o
MMCIsCDROMDevice                                  ./source/mmcdrv.o
                                                  ./source/fat.o
MMCIsZIPDevice                                    ./source/mmcdrv.o
                                                  ./source/fat.o
MMCMountAllDevices                                ./source/mmcdrv.o
                                                  ./source/fat.o
MMCReadSectors                                    ./source/mmcdrv.o
                                                  ./source/fat.o
MMCUnMountDevice                                  ./source/mmcdrv.o
MMCWriteSectors                                   ./source/mmcdrv.o
                                                  ./source/fat.o
NicInit                                           c:/ethernut-4.3.3/build/gcc/atmega2561/lib\libnutarch.a(nicrtl.o)
                                                  c:/ethernut-4.3.3/build/gcc/atmega2561/lib\libnutarch.a(eth0rtl.o)
NicOutput                                         c:/ethernut-4.3.3/build/gcc/atmega2561/lib\libnutarch.a(nicrtl.o)
                                                  c:/ethernut-4.3.3/build/gcc/atmega2561/lib\libnutarch.a(eth0rtl.o)
NicRx                                             c:/ethernut-4.3.3/build/gcc/atmega2561/lib\libnutarch.a(nicrtl.o)
NutAppMain                                        ./source/main.o
                                                  c:/ethernut-4.3.3/build/gcc/atmega2561/lib/nutinit.o
NutArpAllocNetBuf                                 c:/ethernut-4.3.3/build/gcc/atmega2561/lib\libnutnet.a(arpout.o)
                                                  c:/ethernut-4.3.3/build/gcc/atmega2561/lib\libnutnet.a(arpin.o)
                                                  c:/ethernut-4.3.3/build/gcc/atmega2561/lib\libnutnet.a(arpcache.o)
NutArpCacheQuery                                  c:/ethernut-4.3.3/build/gcc/atmega2561/lib\libnutnet.a(arpcache.o)
                                                  c:/ethernut-4.3.3/build/gcc/atmega2561/lib\libnutnet.a(ipout.o)
NutArpCacheUpdate                                 c:/ethernut-4.3.3/build/gcc/atmega2561/lib\libnutnet.a(arpcache.o)
                                                  c:/ethernut-4.3.3/build/gcc/atmega2561/lib\libnutnet.a(arpin.o)
NutArpInput                                       c:/ethernut-4.3.3/build/gcc/atmega2561/lib\libnutnet.a(arpin.o)
                                                  c:/ethernut-4.3.3/build/gcc/atmega2561/lib\libnutnet.a(ethin.o)
NutArpOutput                                      c:/ethernut-4.3.3/build/gcc/atmega2561/lib\libnutnet.a(arpout.o)
                                                  c:/ethernut-4.3.3/build/gcc/atmega2561/lib\libnutnet.a(arpin.o)
                                                  c:/ethernut-4.3.3/build/gcc/atmega2561/lib\libnutnet.a(arpcache.o)
NutBufRemovePage                                  c:/ethernut-4.3.3/build/gcc/atmega2561/lib\libnutos.a(bankmem.o)
NutDelay                                          c:/ethernut-4.3.3/build/gcc/atmega2561/lib\libnutos.a(timer.o)
                                                  c:/ethernut-4.3.3/build/gcc/atmega2561/lib\libnutarch.a(nicrtl.o)
                                                  c:/ethernut-4.3.3/build/gcc/atmega2561/lib\libnutarch.a(uartavr.o)
                                                  ./source/vs10xx.o
                                                  ./source/display.o
                                                  ./source/main.o
NutDeviceLookup                                   c:/ethernut-4.3.3/build/gcc/atmega2561/lib\libnutos.a(devreg.o)
                                                  c:/ethernut-4.3.3/build/gcc/atmega2561/lib\libnutcrt.a(open.o)
                                                  c:/ethernut-4.3.3/build/gcc/atmega2561/lib\libnutnet.a(ifconfig.o)
                                                  c:/ethernut-4.3.3/build/gcc/atmega2561/lib\libnutpro.a(dhcpc.o)
                                                  ./source/mmc.o
NutDhcpClient                                     c:/ethernut-4.3.3/build/gcc/atmega2561/lib\libnutpro.a(dhcpc.o)
NutDhcpError                                      c:/ethernut-4.3.3/build/gcc/atmega2561/lib\libnutpro.a(dhcpc.o)
NutDhcpIfConfig                                   c:/ethernut-4.3.3/build/gcc/atmega2561/lib\libnutpro.a(dhcpc.o)
                                                  ./source/ethernet.o
NutDhcpInform                                     c:/ethernut-4.3.3/build/gcc/atmega2561/lib\libnutpro.a(dhcpc.o)
NutDhcpIsConfigured                               c:/ethernut-4.3.3/build/gcc/atmega2561/lib\libnutpro.a(dhcpc.o)
NutDhcpRelease                                    c:/ethernut-4.3.3/build/gcc/atmega2561/lib\libnutpro.a(dhcpc.o)
NutDhcpStatus                                     c:/ethernut-4.3.3/build/gcc/atmega2561/lib\libnutpro.a(dhcpc.o)
NutDnsConfig                                      c:/ethernut-4.3.3/build/gcc/atmega2561/lib\libnutpro.a(resolv.o)
NutDnsConfig2                                     c:/ethernut-4.3.3/build/gcc/atmega2561/lib\libnutpro.a(resolv.o)
                                                  c:/ethernut-4.3.3/build/gcc/atmega2561/lib\libnutpro.a(dhcpc.o)
NutDnsGetHostByName                               c:/ethernut-4.3.3/build/gcc/atmega2561/lib\libnutpro.a(resolv.o)
NutDnsGetMxByDomain                               c:/ethernut-4.3.3/build/gcc/atmega2561/lib\libnutpro.a(resolv.o)
NutDnsGetResource                                 c:/ethernut-4.3.3/build/gcc/atmega2561/lib\libnutpro.a(resolv.o)
NutEtherInput                                     c:/ethernut-4.3.3/build/gcc/atmega2561/lib\libnutnet.a(ethin.o)
                                                  c:/ethernut-4.3.3/build/gcc/atmega2561/lib\libnutarch.a(eth0rtl.o)
NutEtherOutput                                    c:/ethernut-4.3.3/build/gcc/atmega2561/lib\libnutnet.a(ethout.o)
                                                  c:/ethernut-4.3.3/build/gcc/atmega2561/lib\libnutarch.a(eth0rtl.o)
NutEventBroadcast                                 c:/ethernut-4.3.3/build/gcc/atmega2561/lib\libnutos.a(event.o)
                                                  c:/ethernut-4.3.3/build/gcc/atmega2561/lib\libnutnet.a(tcpsm.o)
                                                  c:/ethernut-4.3.3/build/gcc/atmega2561/lib\libnutnet.a(arpcache.o)
                                                  c:/ethernut-4.3.3/build/gcc/atmega2561/lib\libnutnet.a(ifconfig.o)
                                                  c:/ethernut-4.3.3/build/gcc/atmega2561/lib\libnutpro.a(dhcpc.o)
NutEventBroadcastAsync                            c:/ethernut-4.3.3/build/gcc/atmega2561/lib\libnutos.a(event.o)
                                                  c:/ethernut-4.3.3/build/gcc/atmega2561/lib\libnutnet.a(arpcache.o)
NutEventPost                                      c:/ethernut-4.3.3/build/gcc/atmega2561/lib\libnutos.a(event.o)
                                                  c:/ethernut-4.3.3/build/gcc/atmega2561/lib\libnutnet.a(udpin.o)
                                                  c:/ethernut-4.3.3/build/gcc/atmega2561/lib\libnutnet.a(tcpsm.o)
                                                  c:/ethernut-4.3.3/build/gcc/atmega2561/lib\libnutarch.a(twif.o)
                                                  c:/ethernut-4.3.3/build/gcc/atmega2561/lib\libnutpro.a(dhcpc.o)
                                                  ./source/fat.o
                                                  ./source/mmcdrv.o
NutEventPostAsync                                 c:/ethernut-4.3.3/build/gcc/atmega2561/lib\libnutos.a(event.o)
                                                  c:/ethernut-4.3.3/build/gcc/atmega2561/lib\libnutnet.a(tcpsm.o)
                                                  c:/ethernut-4.3.3/build/gcc/atmega2561/lib\libnutos.a(thread.o)
NutEventTimeout                                   c:/ethernut-4.3.3/build/gcc/atmega2561/lib\libnutos.a(event.o)
NutEventWait                                      c:/ethernut-4.3.3/build/gcc/atmega2561/lib\libnutos.a(event.o)
                                                  c:/ethernut-4.3.3/build/gcc/atmega2561/lib\libnutnet.a(tcpsock.o)
                                                  c:/ethernut-4.3.3/build/gcc/atmega2561/lib\libnutnet.a(tcpsm.o)
                                                  c:/ethernut-4.3.3/build/gcc/atmega2561/lib\libnutarch.a(nicrtl.o)
                                                  c:/ethernut-4.3.3/build/gcc/atmega2561/lib\libnutarch.a(twif.o)
                                                  c:/ethernut-4.3.3/build/gcc/atmega2561/lib\libnutarch.a(uartavr.o)
                                                  c:/ethernut-4.3.3/build/gcc/atmega2561/lib\libnutnet.a(arpcache.o)
                                                  c:/ethernut-4.3.3/build/gcc/atmega2561/lib\libnutnet.a(ifconfig.o)
                                                  c:/ethernut-4.3.3/build/gcc/atmega2561/lib\libnutnet.a(udpsock.o)
                                                  c:/ethernut-4.3.3/build/gcc/atmega2561/lib\libnutpro.a(dhcpc.o)
                                                  ./source/fat.o
                                                  ./source/mmcdrv.o
                                                  ./source/keyboard.o