Archive member included to satisfy reference by file (symbol)

d:/program files (x86)/atmel studio/7.0/toolchain/avr8/avr8-gnu-toolchain/bin/../lib/gcc/avr/5.4.0/avr51\libgcc.a(_divmodhi4.o)
                              src/tamagotchi.o (__divmodhi4)
d:/program files (x86)/atmel studio/7.0/toolchain/avr8/avr8-gnu-toolchain/bin/../lib/gcc/avr/5.4.0/avr51\libgcc.a(_exit.o)
                              D:/Program Files (x86)/Atmel studio/7.0/Packs/atmel/ATmega_DFP/1.2.150/gcc/dev/atmega128/avr51/crtatmega128.o (exit)
d:/program files (x86)/atmel studio/7.0/toolchain/avr8/avr8-gnu-toolchain/bin/../lib/gcc/avr/5.4.0/avr51\libgcc.a(_copy_data.o)
                              src/images.o (__do_copy_data)
d:/program files (x86)/atmel studio/7.0/toolchain/avr8/avr8-gnu-toolchain/bin/../lib/gcc/avr/5.4.0/avr51\libgcc.a(_clear_bss.o)
                              src/tamagotchi.o (__do_clear_bss)
d:/program files (x86)/atmel studio/7.0/toolchain/avr8/avr8-gnu-toolchain/bin/../lib/gcc/avr/5.4.0/avr51\libgcc.a(_udivmodhi4.o)
                              d:/program files (x86)/atmel studio/7.0/toolchain/avr8/avr8-gnu-toolchain/bin/../lib/gcc/avr/5.4.0/avr51\libgcc.a(_divmodhi4.o) (__udivmodhi4)
d:/program files (x86)/atmel studio/7.0/toolchain/avr8/avr8-gnu-toolchain/bin/../lib/gcc/avr/5.4.0/../../../../avr/lib/avr51\libc.a(rand.o)
                              src/tamagotchi.o (rand)
d:/program files (x86)/atmel studio/7.0/toolchain/avr8/avr8-gnu-toolchain/bin/../lib/gcc/avr/5.4.0/../../../../avr/lib/avr51\libc.a(sprintf.o)
                              src/main.o (sprintf)
d:/program files (x86)/atmel studio/7.0/toolchain/avr8/avr8-gnu-toolchain/bin/../lib/gcc/avr/5.4.0/../../../../avr/lib/avr51\libc.a(vfprintf_std.o)
                              d:/program files (x86)/atmel studio/7.0/toolchain/avr8/avr8-gnu-toolchain/bin/../lib/gcc/avr/5.4.0/../../../../avr/lib/avr51\libc.a(sprintf.o) (vfprintf)
d:/program files (x86)/atmel studio/7.0/toolchain/avr8/avr8-gnu-toolchain/bin/../lib/gcc/avr/5.4.0/../../../../avr/lib/avr51\libc.a(strnlen_P.o)
                              d:/program files (x86)/atmel studio/7.0/toolchain/avr8/avr8-gnu-toolchain/bin/../lib/gcc/avr/5.4.0/../../../../avr/lib/avr51\libc.a(vfprintf_std.o) (strnlen_P)
d:/program files (x86)/atmel studio/7.0/toolchain/avr8/avr8-gnu-toolchain/bin/../lib/gcc/avr/5.4.0/../../../../avr/lib/avr51\libc.a(strnlen.o)
                              d:/program files (x86)/atmel studio/7.0/toolchain/avr8/avr8-gnu-toolchain/bin/../lib/gcc/avr/5.4.0/../../../../avr/lib/avr51\libc.a(vfprintf_std.o) (strnlen)
d:/program files (x86)/atmel studio/7.0/toolchain/avr8/avr8-gnu-toolchain/bin/../lib/gcc/avr/5.4.0/../../../../avr/lib/avr51\libc.a(fputc.o)
                              d:/program files (x86)/atmel studio/7.0/toolchain/avr8/avr8-gnu-toolchain/bin/../lib/gcc/avr/5.4.0/../../../../avr/lib/avr51\libc.a(vfprintf_std.o) (fputc)
d:/program files (x86)/atmel studio/7.0/toolchain/avr8/avr8-gnu-toolchain/bin/../lib/gcc/avr/5.4.0/../../../../avr/lib/avr51\libc.a(ultoa_invert.o)
                              d:/program files (x86)/atmel studio/7.0/toolchain/avr8/avr8-gnu-toolchain/bin/../lib/gcc/avr/5.4.0/../../../../avr/lib/avr51\libc.a(vfprintf_std.o) (__ultoa_invert)
d:/program files (x86)/atmel studio/7.0/toolchain/avr8/avr8-gnu-toolchain/bin/../lib/gcc/avr/5.4.0/avr51\libgcc.a(_divmodsi4.o)
                              d:/program files (x86)/atmel studio/7.0/toolchain/avr8/avr8-gnu-toolchain/bin/../lib/gcc/avr/5.4.0/../../../../avr/lib/avr51\libc.a(rand.o) (__divmodsi4)
d:/program files (x86)/atmel studio/7.0/toolchain/avr8/avr8-gnu-toolchain/bin/../lib/gcc/avr/5.4.0/avr51\libgcc.a(_negsi2.o)
                              d:/program files (x86)/atmel studio/7.0/toolchain/avr8/avr8-gnu-toolchain/bin/../lib/gcc/avr/5.4.0/avr51\libgcc.a(_divmodsi4.o) (__negsi2)
d:/program files (x86)/atmel studio/7.0/toolchain/avr8/avr8-gnu-toolchain/bin/../lib/gcc/avr/5.4.0/avr51\libgcc.a(_muluhisi3.o)
                              d:/program files (x86)/atmel studio/7.0/toolchain/avr8/avr8-gnu-toolchain/bin/../lib/gcc/avr/5.4.0/../../../../avr/lib/avr51\libc.a(rand.o) (__muluhisi3)
d:/program files (x86)/atmel studio/7.0/toolchain/avr8/avr8-gnu-toolchain/bin/../lib/gcc/avr/5.4.0/avr51\libgcc.a(_mulshisi3.o)
                              d:/program files (x86)/atmel studio/7.0/toolchain/avr8/avr8-gnu-toolchain/bin/../lib/gcc/avr/5.4.0/../../../../avr/lib/avr51\libc.a(rand.o) (__mulohisi3)
d:/program files (x86)/atmel studio/7.0/toolchain/avr8/avr8-gnu-toolchain/bin/../lib/gcc/avr/5.4.0/avr51\libgcc.a(_udivmodsi4.o)
                              d:/program files (x86)/atmel studio/7.0/toolchain/avr8/avr8-gnu-toolchain/bin/../lib/gcc/avr/5.4.0/avr51\libgcc.a(_divmodsi4.o) (__udivmodsi4)
d:/program files (x86)/atmel studio/7.0/toolchain/avr8/avr8-gnu-toolchain/bin/../lib/gcc/avr/5.4.0/avr51\libgcc.a(_umulhisi3.o)
                              d:/program files (x86)/atmel studio/7.0/toolchain/avr8/avr8-gnu-toolchain/bin/../lib/gcc/avr/5.4.0/avr51\libgcc.a(_muluhisi3.o) (__umulhisi3)

Allocating common symbols
Common symbol       size              file

hunger              0x2               src/tamagotchi.o
amountTimesUpdated  0x2               src/tamagotchi.o
happynes            0x2               src/tamagotchi.o
isDirty             0x2               src/tamagotchi.o
health              0x2               src/tamagotchi.o
isSleeping          0x2               src/tamagotchi.o
isSick              0x2               src/tamagotchi.o
stateCode           0x2               src/tamagotchi.o

Discarded input sections

 .data          0x00000000        0x0 D:/Program Files (x86)/Atmel studio/7.0/Packs/atmel/ATmega_DFP/1.2.150/gcc/dev/atmega128/avr51/crtatmega128.o
 .bss           0x00000000        0x0 D:/Program Files (x86)/Atmel studio/7.0/Packs/atmel/ATmega_DFP/1.2.150/gcc/dev/atmega128/avr51/crtatmega128.o
 .group         0x00000000        0x8 src/GLCD.o
 .group         0x00000000        0x8 src/GLCD.o
 .group         0x00000000        0x8 src/GLCD.o
 .group         0x00000000        0x8 src/GLCD.o
 .group         0x00000000        0x8 src/GLCD.o
 .group         0x00000000        0x8 src/GLCD.o
 .group         0x00000000        0x8 src/GLCD.o
 .group         0x00000000        0x8 src/GLCD.o
 .group         0x00000000        0x8 src/GLCD.o
 .group         0x00000000        0x8 src/GLCD.o
 .group         0x00000000        0x8 src/GLCD.o
 .group         0x00000000        0x8 src/GLCD.o
 .group         0x00000000        0x8 src/GLCD.o
 .text          0x00000000        0x0 src/GLCD.o
 .data          0x00000000        0x0 src/GLCD.o
 .bss           0x00000000        0x0 src/GLCD.o
 .text.GLCD_Clrln
                0x00000000       0x32 src/GLCD.o
 .group         0x00000000        0x8 src/images.o
 .text          0x00000000        0x0 src/images.o
 .data          0x00000000        0x0 src/images.o
 .bss           0x00000000        0x0 src/images.o
 .debug_macro   0x00000000      0xa66 src/images.o
 .group         0x00000000        0x8 src/lcd.o
 .group         0x00000000        0x8 src/lcd.o
 .group         0x00000000        0x8 src/lcd.o
 .group         0x00000000        0x8 src/lcd.o
 .group         0x00000000        0x8 src/lcd.o
 .group         0x00000000        0x8 src/lcd.o
 .group         0x00000000        0x8 src/lcd.o
 .group         0x00000000        0x8 src/lcd.o
 .group         0x00000000        0x8 src/lcd.o
 .group         0x00000000        0x8 src/lcd.o
 .group         0x00000000        0x8 src/lcd.o
 .group         0x00000000        0x8 src/lcd.o
 .group         0x00000000        0x8 src/lcd.o
 .group         0x00000000        0x8 src/lcd.o
 .group         0x00000000        0x8 src/lcd.o
 .group         0x00000000        0x8 src/lcd.o
 .text          0x00000000        0x0 src/lcd.o
 .data          0x00000000        0x0 src/lcd.o
 .bss           0x00000000        0x0 src/lcd.o
 .text.set_display
                0x00000000       0x38 src/lcd.o
 .text.set_cursor
                0x00000000       0x3c src/lcd.o
 .debug_macro   0x00000000      0xa66 src/lcd.o
 .debug_macro   0x00000000       0x10 src/lcd.o
 .debug_macro   0x00000000      0x1c9 src/lcd.o
 .debug_macro   0x00000000      0x2fc src/lcd.o
 .debug_macro   0x00000000       0x9e src/lcd.o
 .debug_macro   0x00000000     0x14c5 src/lcd.o
 .debug_macro   0x00000000      0x203 src/lcd.o
 .debug_macro   0x00000000       0xcb src/lcd.o
 .debug_macro   0x00000000       0x34 src/lcd.o
 .debug_macro   0x00000000       0x18 src/lcd.o
 .debug_macro   0x00000000       0x6c src/lcd.o
 .debug_macro   0x00000000       0x10 src/lcd.o
 .debug_macro   0x00000000      0x166 src/lcd.o
 .group         0x00000000        0x8 src/tamagotchi.o
 .group         0x00000000        0x8 src/tamagotchi.o
 .group         0x00000000        0x8 src/tamagotchi.o
 .group         0x00000000        0x8 src/tamagotchi.o
 .text          0x00000000        0x0 src/tamagotchi.o
 .data          0x00000000        0x0 src/tamagotchi.o
 .bss           0x00000000        0x0 src/tamagotchi.o
 .debug_macro   0x00000000      0xa66 src/tamagotchi.o
 .group         0x00000000        0x8 src/Touch.o
 .group         0x00000000        0x8 src/Touch.o
 .group         0x00000000        0x8 src/Touch.o
 .group         0x00000000        0x8 src/Touch.o
 .group         0x00000000        0x8 src/Touch.o
 .group         0x00000000        0x8 src/Touch.o
 .group         0x00000000        0x8 src/Touch.o
 .group         0x00000000        0x8 src/Touch.o
 .group         0x00000000        0x8 src/Touch.o
 .group         0x00000000        0x8 src/Touch.o
 .group         0x00000000        0x8 src/Touch.o
 .group         0x00000000        0x8 src/Touch.o
 .text          0x00000000        0x0 src/Touch.o
 .data          0x00000000        0x0 src/Touch.o
 .bss           0x00000000        0x0 src/Touch.o
 .debug_macro   0x00000000      0xa66 src/Touch.o
 .debug_macro   0x00000000       0x10 src/Touch.o
 .debug_macro   0x00000000      0x1c9 src/Touch.o
 .debug_macro   0x00000000      0x2fc src/Touch.o
 .debug_macro   0x00000000      0x166 src/Touch.o
 .debug_macro   0x00000000     0x14c5 src/Touch.o
 .debug_macro   0x00000000      0x203 src/Touch.o
 .debug_macro   0x00000000       0xcb src/Touch.o
 .debug_macro   0x00000000       0x34 src/Touch.o
 .debug_macro   0x00000000       0x18 src/Touch.o
 .debug_macro   0x00000000       0x6c src/Touch.o
 .group         0x00000000        0x8 src/ASF/mega/boards/stk600/rcx_x/init.o
 .group         0x00000000        0x8 src/ASF/mega/boards/stk600/rcx_x/init.o
 .group         0x00000000        0x8 src/ASF/mega/boards/stk600/rcx_x/init.o
 .group         0x00000000        0x8 src/ASF/mega/boards/stk600/rcx_x/init.o
 .group         0x00000000        0x8 src/ASF/mega/boards/stk600/rcx_x/init.o
 .group         0x00000000        0x8 src/ASF/mega/boards/stk600/rcx_x/init.o
 .group         0x00000000        0x8 src/ASF/mega/boards/stk600/rcx_x/init.o
 .group         0x00000000        0x8 src/ASF/mega/boards/stk600/rcx_x/init.o
 .group         0x00000000        0x8 src/ASF/mega/boards/stk600/rcx_x/init.o
 .group         0x00000000        0x8 src/ASF/mega/boards/stk600/rcx_x/init.o
 .group         0x00000000        0x8 src/ASF/mega/boards/stk600/rcx_x/init.o
 .group         0x00000000        0x8 src/ASF/mega/boards/stk600/rcx_x/init.o
 .group         0x00000000        0x8 src/ASF/mega/boards/stk600/rcx_x/init.o
 .group         0x00000000        0x8 src/ASF/mega/boards/stk600/rcx_x/init.o
 .group         0x00000000        0x8 src/ASF/mega/boards/stk600/rcx_x/init.o
 .group         0x00000000        0x8 src/ASF/mega/boards/stk600/rcx_x/init.o
 .group         0x00000000        0x8 src/ASF/mega/boards/stk600/rcx_x/init.o
 .group         0x00000000        0x8 src/ASF/mega/boards/stk600/rcx_x/init.o
 .group         0x00000000        0x8 src/ASF/mega/boards/stk600/rcx_x/init.o
 .group         0x00000000        0x8 src/ASF/mega/boards/stk600/rcx_x/init.o
 .group         0x00000000        0x8 src/ASF/mega/boards/stk600/rcx_x/init.o
 .group         0x00000000        0x8 src/ASF/mega/boards/stk600/rcx_x/init.o
 .group         0x00000000        0x8 src/ASF/mega/boards/stk600/rcx_x/init.o
 .group         0x00000000        0x8 src/ASF/mega/boards/stk600/rcx_x/init.o
 .group         0x00000000        0x8 src/ASF/mega/boards/stk600/rcx_x/init.o
 .text          0x00000000        0x0 src/ASF/mega/boards/stk600/rcx_x/init.o
 .data          0x00000000        0x0 src/ASF/mega/boards/stk600/rcx_x/init.o
 .bss           0x00000000        0x0 src/ASF/mega/boards/stk600/rcx_x/init.o
 .text.board_init
                0x00000000        0x2 src/ASF/mega/boards/stk600/rcx_x/init.o
 .debug_info    0x00000000       0x7c src/ASF/mega/boards/stk600/rcx_x/init.o
 .debug_abbrev  0x00000000       0x47 src/ASF/mega/boards/stk600/rcx_x/init.o
 .debug_aranges
                0x00000000       0x20 src/ASF/mega/boards/stk600/rcx_x/init.o
 .debug_ranges  0x00000000       0x10 src/ASF/mega/boards/stk600/rcx_x/init.o
 .debug_macro   0x00000000      0x134 src/ASF/mega/boards/stk600/rcx_x/init.o
 .debug_macro   0x00000000      0xa66 src/ASF/mega/boards/stk600/rcx_x/init.o
 .debug_macro   0x00000000       0x10 src/ASF/mega/boards/stk600/rcx_x/init.o
 .debug_macro   0x00000000      0x1c9 src/ASF/mega/boards/stk600/rcx_x/init.o
 .debug_macro   0x00000000      0x2fc src/ASF/mega/boards/stk600/rcx_x/init.o
 .debug_macro   0x00000000       0x9e src/ASF/mega/boards/stk600/rcx_x/init.o
 .debug_macro   0x00000000     0x14c5 src/ASF/mega/boards/stk600/rcx_x/init.o
 .debug_macro   0x00000000      0x203 src/ASF/mega/boards/stk600/rcx_x/init.o
 .debug_macro   0x00000000       0xcb src/ASF/mega/boards/stk600/rcx_x/init.o
 .debug_macro   0x00000000       0x34 src/ASF/mega/boards/stk600/rcx_x/init.o
 .debug_macro   0x00000000       0x18 src/ASF/mega/boards/stk600/rcx_x/init.o
 .debug_macro   0x00000000       0x6c src/ASF/mega/boards/stk600/rcx_x/init.o
 .debug_macro   0x00000000       0x22 src/ASF/mega/boards/stk600/rcx_x/init.o
 .debug_macro   0x00000000      0x16d src/ASF/mega/boards/stk600/rcx_x/init.o
 .debug_macro   0x00000000       0x1c src/ASF/mega/boards/stk600/rcx_x/init.o
 .debug_macro   0x00000000       0x35 src/ASF/mega/boards/stk600/rcx_x/init.o
 .debug_macro   0x00000000       0x66 src/ASF/mega/boards/stk600/rcx_x/init.o
 .debug_macro   0x00000000      0x64b src/ASF/mega/boards/stk600/rcx_x/init.o
 .debug_macro   0x00000000       0x44 src/ASF/mega/boards/stk600/rcx_x/init.o
 .debug_macro   0x00000000       0x69 src/ASF/mega/boards/stk600/rcx_x/init.o
 .debug_macro   0x00000000       0x2c src/ASF/mega/boards/stk600/rcx_x/init.o
 .debug_macro   0x00000000       0x10 src/ASF/mega/boards/stk600/rcx_x/init.o
 .debug_macro   0x00000000      0x175 src/ASF/mega/boards/stk600/rcx_x/init.o
 .debug_macro   0x00000000       0x40 src/ASF/mega/boards/stk600/rcx_x/init.o
 .debug_macro   0x00000000      0x100 src/ASF/mega/boards/stk600/rcx_x/init.o
 .debug_macro   0x00000000      0x2c0 src/ASF/mega/boards/stk600/rcx_x/init.o
 .debug_line    0x00000000      0x35f src/ASF/mega/boards/stk600/rcx_x/init.o
 .debug_str     0x00000000    0x10e57 src/ASF/mega/boards/stk600/rcx_x/init.o
 .comment       0x00000000       0x31 src/ASF/mega/boards/stk600/rcx_x/init.o
 .debug_frame   0x00000000       0x24 src/ASF/mega/boards/stk600/rcx_x/init.o
 .group         0x00000000        0x8 src/main.o
 .group         0x00000000        0x8 src/main.o
 .group         0x00000000        0x8 src/main.o
 .group         0x00000000        0x8 src/main.o
 .group         0x00000000        0x8 src/main.o
 .group         0x00000000        0x8 src/main.o
 .group         0x00000000        0x8 src/main.o
 .group         0x00000000        0x8 src/main.o
 .group         0x00000000        0x8 src/main.o
 .group         0x00000000        0x8 src/main.o
 .group         0x00000000        0x8 src/main.o
 .group         0x00000000        0x8 src/main.o
 .group         0x00000000        0x8 src/main.o
 .group         0x00000000        0x8 src/main.o
 .group         0x00000000        0x8 src/main.o
 .group         0x00000000        0x8 src/main.o
 .group         0x00000000        0x8 src/main.o
 .group         0x00000000        0x8 src/main.o
 .group         0x00000000        0x8 src/main.o
 .group         0x00000000        0x8 src/main.o
 .text          0x00000000        0x0 src/main.o
 .data          0x00000000        0x0 src/main.o
 .bss           0x00000000        0x0 src/main.o
 .debug_macro   0x00000000      0xa66 src/main.o
 .debug_macro   0x00000000       0x10 src/main.o
 .debug_macro   0x00000000      0x1c9 src/main.o
 .debug_macro   0x00000000      0x2fc src/main.o
 .debug_macro   0x00000000       0x9e src/main.o
 .debug_macro   0x00000000     0x14c5 src/main.o
 .debug_macro   0x00000000      0x203 src/main.o
 .debug_macro   0x00000000       0xcb src/main.o
 .debug_macro   0x00000000       0x34 src/main.o
 .debug_macro   0x00000000       0x18 src/main.o
 .debug_macro   0x00000000       0x6c src/main.o
 .debug_macro   0x00000000       0x10 src/main.o
 .debug_macro   0x00000000      0x166 src/main.o
 .debug_macro   0x00000000       0x97 src/main.o
 .debug_macro   0x00000000       0x1c src/main.o
 .text          0x00000000        0x0 d:/program files (x86)/atmel studio/7.0/toolchain/avr8/avr8-gnu-toolchain/bin/../lib/gcc/avr/5.4.0/avr51\libgcc.a(_divmodhi4.o)
 .data          0x00000000        0x0 d:/program files (x86)/atmel studio/7.0/toolchain/avr8/avr8-gnu-toolchain/bin/../lib/gcc/avr/5.4.0/avr51\libgcc.a(_divmodhi4.o)
 .bss           0x00000000        0x0 d:/program files (x86)/atmel studio/7.0/toolchain/avr8/avr8-gnu-toolchain/bin/../lib/gcc/avr/5.4.0/avr51\libgcc.a(_divmodhi4.o)
 .text.libgcc.mul
                0x00000000        0x0 d:/program files (x86)/atmel studio/7.0/toolchain/avr8/avr8-gnu-toolchain/bin/../lib/gcc/avr/5.4.0/avr51\libgcc.a(_divmodhi4.o)
 .text.libgcc   0x00000000        0x0 d:/program files (x86)/atmel studio/7.0/toolchain/avr8/avr8-gnu-toolchain/bin/../lib/gcc/avr/5.4.0/avr51\libgcc.a(_divmodhi4.o)
 .text.libgcc.prologue
                0x00000000        0x0 d:/program files (x86)/atmel studio/7.0/toolchain/avr8/avr8-gnu-toolchain/bin/../lib/gcc/avr/5.4.0/avr51\libgcc.a(_divmodhi4.o)
 .text.libgcc.builtins
                0x00000000        0x0 d:/program files (x86)/atmel studio/7.0/toolchain/avr8/avr8-gnu-toolchain/bin/../lib/gcc/avr/5.4.0/avr51\libgcc.a(_divmodhi4.o)
 .text.libgcc.fmul
                0x00000000        0x0 d:/program files (x86)/atmel studio/7.0/toolchain/avr8/avr8-gnu-toolchain/bin/../lib/gcc/avr/5.4.0/avr51\libgcc.a(_divmodhi4.o)
 .text.libgcc.fixed
                0x00000000        0x0 d:/program files (x86)/atmel studio/7.0/toolchain/avr8/avr8-gnu-toolchain/bin/../lib/gcc/avr/5.4.0/avr51\libgcc.a(_divmodhi4.o)
 .text          0x00000000        0x0 d:/program files (x86)/atmel studio/7.0/toolchain/avr8/avr8-gnu-toolchain/bin/../lib/gcc/avr/5.4.0/avr51\libgcc.a(_exit.o)
 .data          0x00000000        0x0 d:/program files (x86)/atmel studio/7.0/toolchain/avr8/avr8-gnu-toolchain/bin/../lib/gcc/avr/5.4.0/avr51\libgcc.a(_exit.o)
 .bss           0x00000000        0x0 d:/program files (x86)/atmel studio/7.0/toolchain/avr8/avr8-gnu-toolchain/bin/../lib/gcc/avr/5.4.0/avr51\libgcc.a(_exit.o)
 .text.libgcc.mul
                0x00000000        0x0 d:/program files (x86)/atmel studio/7.0/toolchain/avr8/avr8-gnu-toolchain/bin/../lib/gcc/avr/5.4.0/avr51\libgcc.a(_exit.o)
 .text.libgcc.div
                0x00000000        0x0 d:/program files (x86)/atmel studio/7.0/toolchain/avr8/avr8-gnu-toolchain/bin/../lib/gcc/avr/5.4.0/avr51\libgcc.a(_exit.o)
 .text.libgcc   0x00000000        0x0 d:/program files (x86)/atmel studio/7.0/toolchain/avr8/avr8-gnu-toolchain/bin/../lib/gcc/avr/5.4.0/avr51\libgcc.a(_exit.o)
 .text.libgcc.prologue
                0x00000000        0x0 d:/program files (x86)/atmel studio/7.0/toolchain/avr8/avr8-gnu-toolchain/bin/../lib/gcc/avr/5.4.0/avr51\libgcc.a(_exit.o)
 .text.libgcc.builtins
                0x00000000        0x0 d:/program files (x86)/atmel studio/7.0/toolchain/avr8/avr8-gnu-toolchain/bin/../lib/gcc/avr/5.4.0/avr51\libgcc.a(_exit.o)
 .text.libgcc.fmul
                0x00000000        0x0 d:/program files (x86)/atmel studio/7.0/toolchain/avr8/avr8-gnu-toolchain/bin/../lib/gcc/avr/5.4.0/avr51\libgcc.a(_exit.o)
 .text.libgcc.fixed
                0x00000000        0x0 d:/program files (x86)/atmel studio/7.0/toolchain/avr8/avr8-gnu-toolchain/bin/../lib/gcc/avr/5.4.0/avr51\libgcc.a(_exit.o)
 .text          0x00000000        0x0 d:/program files (x86)/atmel studio/7.0/toolchain/avr8/avr8-gnu-toolchain/bin/../lib/gcc/avr/5.4.0/avr51\libgcc.a(_copy_data.o)
 .data          0x00000000        0x0 d:/program files (x86)/atmel studio/7.0/toolchain/avr8/avr8-gnu-toolchain/bin/../lib/gcc/avr/5.4.0/avr51\libgcc.a(_copy_data.o)
 .bss           0x00000000        0x0 d:/program files (x86)/atmel studio/7.0/toolchain/avr8/avr8-gnu-toolchain/bin/../lib/gcc/avr/5.4.0/avr51\libgcc.a(_copy_data.o)
 .text.libgcc.mul
                0x00000000        0x0 d:/program files (x86)/atmel studio/7.0/toolchain/avr8/avr8-gnu-toolchain/bin/../lib/gcc/avr/5.4.0/avr51\libgcc.a(_copy_data.o)
 .text.libgcc.div
                0x00000000        0x0 d:/program files (x86)/atmel studio/7.0/toolchain/avr8/avr8-gnu-toolchain/bin/../lib/gcc/avr/5.4.0/avr51\libgcc.a(_copy_data.o)
 .text.libgcc   0x00000000        0x0 d:/program files (x86)/atmel studio/7.0/toolchain/avr8/avr8-gnu-toolchain/bin/../lib/gcc/avr/5.4.0/avr51\libgcc.a(_copy_data.o)
 .text.libgcc.prologue
                0x00000000        0x0 d:/program files (x86)/atmel studio/7.0/toolchain/avr8/avr8-gnu-toolchain/bin/../lib/gcc/avr/5.4.0/avr51\libgcc.a(_copy_data.o)
 .text.libgcc.builtins
                0x00000000        0x0 d:/program files (x86)/atmel studio/7.0/toolchain/avr8/avr8-gnu-toolchain/bin/../lib/gcc/avr/5.4.0/avr51\libgcc.a(_copy_data.o)
 .text.libgcc.fmul
                0x00000000        0x0 d:/program files (x86)/atmel studio/7.0/toolchain/avr8/avr8-gnu-toolchain/bin/../lib/gcc/avr/5.4.0/avr51\libgcc.a(_copy_data.o)
 .text.libgcc.fixed
                0x00000000        0x0 d:/program files (x86)/atmel studio/7.0/toolchain/avr8/avr8-gnu-toolchain/bin/../lib/gcc/avr/5.4.0/avr51\libgcc.a(_copy_data.o)
 .text          0x00000000        0x0 d:/program files (x86)/atmel studio/7.0/toolchain/avr8/avr8-gnu-toolchain/bin/../lib/gcc/avr/5.4.0/avr51\libgcc.a(_clear_bss.o)
 .data          0x00000000        0x0 d:/program files (x86)/atmel studio/7.0/toolchain/avr8/avr8-gnu-toolchain/bin/../lib/gcc/avr/5.4.0/avr51\libgcc.a(_clear_bss.o)
 .bss           0x00000000        0x0 d:/program files (x86)/atmel studio/7.0/toolchain/avr8/avr8-gnu-toolchain/bin/../lib/gcc/avr/5.4.0/avr51\libgcc.a(_clear_bss.o)
 .text.libgcc.mul
                0x00000000        0x0 d:/program files (x86)/atmel studio/7.0/toolchain/avr8/avr8-gnu-toolchain/bin/../lib/gcc/avr/5.4.0/avr51\libgcc.a(_clear_bss.o)
 .text.libgcc.div
                0x00000000        0x0 d:/program files (x86)/atmel studio/7.0/toolchain/avr8/avr8-gnu-toolchain/bin/../lib/gcc/avr/5.4.0/avr51\libgcc.a(_clear_bss.o)
 .text.libgcc   0x00000000        0x0 d:/program files (x86)/atmel studio/7.0/toolchain/avr8/avr8-gnu-toolchain/bin/../lib/gcc/avr/5.4.0/avr51\libgcc.a(_clear_bss.o)
 .text.libgcc.prologue
                0x00000000        0x0 d:/program files (x86)/atmel studio/7.0/toolchain/avr8/avr8-gnu-toolchain/bin/../lib/gcc/avr/5.4.0/avr51\libgcc.a(_clear_bss.o)
 .text.libgcc.builtins
                0x00000000        0x0 d:/program files (x86)/atmel studio/7.0/toolchain/avr8/avr8-gnu-toolchain/bin/../lib/gcc/avr/5.4.0/avr51\libgcc.a(_clear_bss.o)
 .text.libgcc.fmul
                0x00000000        0x0 d:/program files (x86)/atmel studio/7.0/toolchain/avr8/avr8-gnu-toolchain/bin/../lib/gcc/avr/5.4.0/avr51\libgcc.a(_clear_bss.o)
 .text.libgcc.fixed
                0x00000000        0x0 d:/program files (x86)/atmel studio/7.0/toolchain/avr8/avr8-gnu-toolchain/bin/../lib/gcc/avr/5.4.0/avr51\libgcc.a(_clear_bss.o)
 .text          0x00000000        0x0 d:/program files (x86)/atmel studio/7.0/toolchain/avr8/avr8-gnu-toolchain/bin/../lib/gcc/avr/5.4.0/avr51\libgcc.a(_udivmodhi4.o)
 .data          0x00000000        0x0 d:/program files (x86)/atmel studio/7.0/toolchain/avr8/avr8-gnu-toolchain/bin/../lib/gcc/avr/5.4.0/avr51\libgcc.a(_udivmodhi4.o)
 .bss           0x00000000        0x0 d:/program files (x86)/atmel studio/7.0/toolchain/avr8/avr8-gnu-toolchain/bin/../lib/gcc/avr/5.4.0/avr51\libgcc.a(_udivmodhi4.o)
 .text.libgcc.mul
                0x00000000        0x0 d:/program files (x86)/atmel studio/7.0/toolchain/avr8/avr8-gnu-toolchain/bin/../lib/gcc/avr/5.4.0/avr51\libgcc.a(_udivmodhi4.o)
 .text.libgcc   0x00000000        0x0 d:/program files (x86)/atmel studio/7.0/toolchain/avr8/avr8-gnu-toolchain/bin/../lib/gcc/avr/5.4.0/avr51\libgcc.a(_udivmodhi4.o)
 .text.libgcc.prologue
                0x00000000        0x0 d:/program files (x86)/atmel studio/7.0/toolchain/avr8/avr8-gnu-toolchain/bin/../lib/gcc/avr/5.4.0/avr51\libgcc.a(_udivmodhi4.o)
 .text.libgcc.builtins
                0x00000000        0x0 d:/program files (x86)/atmel studio/7.0/toolchain/avr8/avr8-gnu-toolchain/bin/../lib/gcc/avr/5.4.0/avr51\libgcc.a(_udivmodhi4.o)
 .text.libgcc.fmul
                0x00000000        0x0 d:/program files (x86)/atmel studio/7.0/toolchain/avr8/avr8-gnu-toolchain/bin/../lib/gcc/avr/5.4.0/avr51\libgcc.a(_udivmodhi4.o)
 .text.libgcc.fixed
                0x00000000        0x0 d:/program files (x86)/atmel studio/7.0/toolchain/avr8/avr8-gnu-toolchain/bin/../lib/gcc/avr/5.4.0/avr51\libgcc.a(_udivmodhi4.o)
 .text          0x00000000        0x0 d:/program files (x86)/atmel studio/7.0/toolchain/avr8/avr8-gnu-toolchain/bin/../lib/gcc/avr/5.4.0/../../../../avr/lib/avr51\libc.a(rand.o)
 .bss           0x00000000        0x0 d:/program files (x86)/atmel studio/7.0/toolchain/avr8/avr8-gnu-toolchain/bin/../lib/gcc/avr/5.4.0/../../../../avr/lib/avr51\libc.a(rand.o)
 .text          0x00000000        0x0 d:/program files (x86)/atmel studio/7.0/toolchain/avr8/avr8-gnu-toolchain/bin/../lib/gcc/avr/5.4.0/../../../../avr/lib/avr51\libc.a(sprintf.o)
 .data          0x00000000        0x0 d:/program files (x86)/atmel studio/7.0/toolchain/avr8/avr8-gnu-toolchain/bin/../lib/gcc/avr/5.4.0/../../../../avr/lib/avr51\libc.a(sprintf.o)
 .bss           0x00000000        0x0 d:/program files (x86)/atmel studio/7.0/toolchain/avr8/avr8-gnu-toolchain/bin/../lib/gcc/avr/5.4.0/../../../../avr/lib/avr51\libc.a(sprintf.o)
 .text          0x00000000        0x0 d:/program files (x86)/atmel studio/7.0/toolchain/avr8/avr8-gnu-toolchain/bin/../lib/gcc/avr/5.4.0/../../../../avr/lib/avr51\libc.a(vfprintf_std.o)
 .data          0x00000000        0x0 d:/program files (x86)/atmel studio/7.0/toolchain/avr8/avr8-gnu-toolchain/bin/../lib/gcc/avr/5.4.0/../../../../avr/lib/avr51\libc.a(vfprintf_std.o)
 .bss           0x00000000        0x0 d:/program files (x86)/atmel studio/7.0/toolchain/avr8/avr8-gnu-toolchain/bin/../lib/gcc/avr/5.4.0/../../../../avr/lib/avr51\libc.a(vfprintf_std.o)
 .text          0x00000000        0x0 d:/program files (x86)/atmel studio/7.0/toolchain/avr8/avr8-gnu-toolchain/bin/../lib/gcc/avr/5.4.0/../../../../avr/lib/avr51\libc.a(strnlen_P.o)
 .data          0x00000000        0x0 d:/program files (x86)/atmel studio/7.0/toolchain/avr8/avr8-gnu-toolchain/bin/../lib/gcc/avr/5.4.0/../../../../avr/lib/avr51\libc.a(strnlen_P.o)
 .bss           0x00000000        0x0 d:/program files (x86)/atmel studio/7.0/toolchain/avr8/avr8-gnu-toolchain/bin/../lib/gcc/avr/5.4.0/../../../../avr/lib/avr51\libc.a(strnlen_P.o)
 .text          0x00000000        0x0 d:/program files (x86)/atmel studio/7.0/toolchain/avr8/avr8-gnu-toolchain/bin/../lib/gcc/avr/5.4.0/../../../../avr/lib/avr51\libc.a(strnlen.o)
 .data          0x00000000        0x0 d:/program files (x86)/atmel studio/7.0/toolchain/avr8/avr8-gnu-toolchain/bin/../lib/gcc/avr/5.4.0/../../../../avr/lib/avr51\libc.a(strnlen.o)
 .bss           0x00000000        0x0 d:/program files (x86)/atmel studio/7.0/toolchain/avr8/avr8-gnu-toolchain/bin/../lib/gcc/avr/5.4.0/../../../../avr/lib/avr51\libc.a(strnlen.o)
 .text          0x00000000        0x0 d:/program files (x86)/atmel studio/7.0/toolchain/avr8/avr8-gnu-toolchain/bin/../lib/gcc/avr/5.4.0/../../../../avr/lib/avr51\libc.a(fputc.o)
 .data          0x00000000        0x0 d:/program files (x86)/atmel studio/7.0/toolchain/avr8/avr8-gnu-toolchain/bin/../lib/gcc/avr/5.4.0/../../../../avr/lib/avr51\libc.a(fputc.o)
 .bss           0x00000000        0x0 d:/program files (x86)/atmel studio/7.0/toolchain/avr8/avr8-gnu-toolchain/bin/../lib/gcc/avr/5.4.0/../../../../avr/lib/avr51\libc.a(fputc.o)
 .text          0x00000000        0x0 d:/program files (x86)/atmel studio/7.0/toolchain/avr8/avr8-gnu-toolchain/bin/../lib/gcc/avr/5.4.0/../../../../avr/lib/avr51\libc.a(ultoa_invert.o)
 .data          0x00000000        0x0 d:/program files (x86)/atmel studio/7.0/toolchain/avr8/avr8-gnu-toolchain/bin/../lib/gcc/avr/5.4.0/../../../../avr/lib/avr51\libc.a(ultoa_invert.o)
 .bss           0x00000000        0x0 d:/program files (x86)/atmel studio/7.0/toolchain/avr8/avr8-gnu-toolchain/bin/../lib/gcc/avr/5.4.0/../../../../avr/lib/avr51\libc.a(ultoa_invert.o)
 .text          0x00000000        0x0 d:/program files (x86)/atmel studio/7.0/toolchain/avr8/avr8-gnu-toolchain/bin/../lib/gcc/avr/5.4.0/avr51\libgcc.a(_divmodsi4.o)
 .data          0x00000000        0x0 d:/program files (x86)/atmel studio/7.0/toolchain/avr8/avr8-gnu-toolchain/bin/../lib/gcc/avr/5.4.0/avr51\libgcc.a(_divmodsi4.o)
 .bss           0x00000000        0x0 d:/program files (x86)/atmel studio/7.0/toolchain/avr8/avr8-gnu-toolchain/bin/../lib/gcc/avr/5.4.0/avr51\libgcc.a(_divmodsi4.o)
 .text.libgcc.mul
                0x00000000        0x0 d:/program files (x86)/atmel studio/7.0/toolchain/avr8/avr8-gnu-toolchain/bin/../lib/gcc/avr/5.4.0/avr51\libgcc.a(_divmodsi4.o)
 .text.libgcc   0x00000000        0x0 d:/program files (x86)/atmel studio/7.0/toolchain/avr8/avr8-gnu-toolchain/bin/../lib/gcc/avr/5.4.0/avr51\libgcc.a(_divmodsi4.o)
 .text.libgcc.prologue
                0x00000000        0x0 d:/program files (x86)/atmel studio/7.0/toolchain/avr8/avr8-gnu-toolchain/bin/../lib/gcc/avr/5.4.0/avr51\libgcc.a(_divmodsi4.o)
 .text.libgcc.builtins
                0x00000000        0x0 d:/program files (x86)/atmel studio/7.0/toolchain/avr8/avr8-gnu-toolchain/bin/../lib/gcc/avr/5.4.0/avr51\libgcc.a(_divmodsi4.o)
 .text.libgcc.fmul
                0x00000000        0x0 d:/program files (x86)/atmel studio/7.0/toolchain/avr8/avr8-gnu-toolchain/bin/../lib/gcc/avr/5.4.0/avr51\libgcc.a(_divmodsi4.o)
 .text.libgcc.fixed
                0x00000000        0x0 d:/program files (x86)/atmel studio/7.0/toolchain/avr8/avr8-gnu-toolchain/bin/../lib/gcc/avr/5.4.0/avr51\libgcc.a(_divmodsi4.o)
 .text          0x00000000        0x0 d:/program files (x86)/atmel studio/7.0/toolchain/avr8/avr8-gnu-toolchain/bin/../lib/gcc/avr/5.4.0/avr51\libgcc.a(_negsi2.o)
 .data          0x00000000        0x0 d:/program files (x86)/atmel studio/7.0/toolchain/avr8/avr8-gnu-toolchain/bin/../lib/gcc/avr/5.4.0/avr51\libgcc.a(_negsi2.o)
 .bss           0x00000000        0x0 d:/program files (x86)/atmel studio/7.0/toolchain/avr8/avr8-gnu-toolchain/bin/../lib/gcc/avr/5.4.0/avr51\libgcc.a(_negsi2.o)
 .text.libgcc.mul
                0x00000000        0x0 d:/program files (x86)/atmel studio/7.0/toolchain/avr8/avr8-gnu-toolchain/bin/../lib/gcc/avr/5.4.0/avr51\libgcc.a(_negsi2.o)
 .text.libgcc   0x00000000        0x0 d:/program files (x86)/atmel studio/7.0/toolchain/avr8/avr8-gnu-toolchain/bin/../lib/gcc/avr/5.4.0/avr51\libgcc.a(_negsi2.o)
 .text.libgcc.prologue
                0x00000000        0x0 d:/program files (x86)/atmel studio/7.0/toolchain/avr8/avr8-gnu-toolchain/bin/../lib/gcc/avr/5.4.0/avr51\libgcc.a(_negsi2.o)
 .text.libgcc.builtins
                0x00000000        0x0 d:/program files (x86)/atmel studio/7.0/toolchain/avr8/avr8-gnu-toolchain/bin/../lib/gcc/avr/5.4.0/avr51\libgcc.a(_negsi2.o)
 .text.libgcc.fmul
                0x00000000        0x0 d:/program files (x86)/atmel studio/7.0/toolchain/avr8/avr8-gnu-toolchain/bin/../lib/gcc/avr/5.4.0/avr51\libgcc.a(_negsi2.o)
 .text.libgcc.fixed
                0x00000000        0x0 d:/program files (x86)/atmel studio/7.0/toolchain/avr8/avr8-gnu-toolchain/bin/../lib/gcc/avr/5.4.0/avr51\libgcc.a(_negsi2.o)
 .text          0x00000000        0x0 d:/program files (x86)/atmel studio/7.0/toolchain/avr8/avr8-gnu-toolchain/bin/../lib/gcc/avr/5.4.0/avr51\libgcc.a(_muluhisi3.o)
 .data          0x00000000        0x0 d:/program files (x86)/atmel studio/7.0/toolchain/avr8/avr8-gnu-toolchain/bin/../lib/gcc/avr/5.4.0/avr51\libgcc.a(_muluhisi3.o)
 .bss           0x00000000        0x0 d:/program files (x86)/atmel studio/7.0/toolchain/avr8/avr8-gnu-toolchain/bin/../lib/gcc/avr/5.4.0/avr51\libgcc.a(_muluhisi3.o)
 .text.libgcc.div
                0x00000000        0x0 d:/program files (x86)/atmel studio/7.0/toolchain/avr8/avr8-gnu-toolchain/bin/../lib/gcc/avr/5.4.0/avr51\libgcc.a(_muluhisi3.o)
 .text.libgcc   0x00000000        0x0 d:/program files (x86)/atmel studio/7.0/toolchain/avr8/avr8-gnu-toolchain/bin/../lib/gcc/avr/5.4.0/avr51\libgcc.a(_muluhisi3.o)
 .text.libgcc.prologue
                0x00000000        0x0 d:/program files (x86)/atmel studio/7.0/toolchain/avr8/avr8-gnu-toolchain/bin/../lib/gcc/avr/5.4.0/avr51\libgcc.a(_muluhisi3.o)
 .text.libgcc.builtins
                0x00000000        0x0 d:/program files (x86)/atmel studio/7.0/toolchain/avr8/avr8-gnu-toolchain/bin/../lib/gcc/avr/5.4.0/avr51\libgcc.a(_muluhisi3.o)
 .text.libgcc.fmul
                0x00000000        0x0 d:/program files (x86)/atmel studio/7.0/toolchain/avr8/avr8-gnu-toolchain/bin/../lib/gcc/avr/5.4.0/avr51\libgcc.a(_muluhisi3.o)
 .text.libgcc.fixed
                0x00000000        0x0 d:/program files (x86)/atmel studio/7.0/toolchain/avr8/avr8-gnu-toolchain/bin/../lib/gcc/avr/5.4.0/avr51\libgcc.a(_muluhisi3.o)
 .text          0x00000000        0x0 d:/program files (x86)/atmel studio/7.0/toolchain/avr8/avr8-gnu-toolchain/bin/../lib/gcc/avr/5.4.0/avr51\libgcc.a(_mulshisi3.o)
 .data          0x00000000        0x0 d:/program files (x86)/atmel studio/7.0/toolchain/avr8/avr8-gnu-toolchain/bin/../lib/gcc/avr/5.4.0/avr51\libgcc.a(_mulshisi3.o)
 .bss           0x00000000        0x0 d:/program files (x86)/atmel studio/7.0/toolchain/avr8/avr8-gnu-toolchain/bin/../lib/gcc/avr/5.4.0/avr51\libgcc.a(_mulshisi3.o)
 .text.libgcc.div
                0x00000000        0x0 d:/program files (x86)/atmel studio/7.0/toolchain/avr8/avr8-gnu-toolchain/bin/../lib/gcc/avr/5.4.0/avr51\libgcc.a(_mulshisi3.o)
 .text.libgcc   0x00000000        0x0 d:/program files (x86)/atmel studio/7.0/toolchain/avr8/avr8-gnu-toolchain/bin/../lib/gcc/avr/5.4.0/avr51\libgcc.a(_mulshisi3.o)
 .text.libgcc.prologue
                0x00000000        0x0 d:/program files (x86)/atmel studio/7.0/toolchain/avr8/avr8-gnu-toolchain/bin/../lib/gcc/avr/5.4.0/avr51\libgcc.a(_mulshisi3.o)
 .text.libgcc.builtins
                0x00000000        0x0 d:/program files (x86)/atmel studio/7.0/toolchain/avr8/avr8-gnu-toolchain/bin/../lib/gcc/avr/5.4.0/avr51\libgcc.a(_mulshisi3.o)
 .text.libgcc.fmul
                0x00000000        0x0 d:/program files (x86)/atmel studio/7.0/toolchain/avr8/avr8-gnu-toolchain/bin/../lib/gcc/avr/5.4.0/avr51\libgcc.a(_mulshisi3.o)
 .text.libgcc.fixed
                0x00000000        0x0 d:/program files (x86)/atmel studio/7.0/toolchain/avr8/avr8-gnu-toolchain/bin/../lib/gcc/avr/5.4.0/avr51\libgcc.a(_mulshisi3.o)
 .text          0x00000000        0x0 d:/program files (x86)/atmel studio/7.0/toolchain/avr8/avr8-gnu-toolchain/bin/../lib/gcc/avr/5.4.0/avr51\libgcc.a(_udivmodsi4.o)
 .data          0x00000000        0x0 d:/program files (x86)/atmel studio/7.0/toolchain/avr8/avr8-gnu-toolchain/bin/../lib/gcc/avr/5.4.0/avr51\libgcc.a(_udivmodsi4.o)
 .bss           0x00000000        0x0 d:/program files (x86)/atmel studio/7.0/toolchain/avr8/avr8-gnu-toolchain/bin/../lib/gcc/avr/5.4.0/avr51\libgcc.a(_udivmodsi4.o)
 .text.libgcc.mul
                0x00000000        0x0 d:/program files (x86)/atmel studio/7.0/toolchain/avr8/avr8-gnu-toolchain/bin/../lib/gcc/avr/5.4.0/avr51\libgcc.a(_udivmodsi4.o)
 .text.libgcc   0x00000000        0x0 d:/program files (x86)/atmel studio/7.0/toolchain/avr8/avr8-gnu-toolchain/bin/../lib/gcc/avr/5.4.0/avr51\libgcc.a(_udivmodsi4.o)
 .text.libgcc.prologue
                0x00000000        0x0 d:/program files (x86)/atmel studio/7.0/toolchain/avr8/avr8-gnu-toolchain/bin/../lib/gcc/avr/5.4.0/avr51\libgcc.a(_udivmodsi4.o)
 .text.libgcc.builtins
                0x00000000        0x0 d:/program files (x86)/atmel studio/7.0/toolchain/avr8/avr8-gnu-toolchain/bin/../lib/gcc/avr/5.4.0/avr51\libgcc.a(_udivmodsi4.o)
 .text.libgcc.fmul
                0x00000000        0x0 d:/program files (x86)/atmel studio/7.0/toolchain/avr8/avr8-gnu-toolchain/bin/../lib/gcc/avr/5.4.0/avr51\libgcc.a(_udivmodsi4.o)
 .text.libgcc.fixed
                0x00000000        0x0 d:/program files (x86)/atmel studio/7.0/toolchain/avr8/avr8-gnu-toolchain/bin/../lib/gcc/avr/5.4.0/avr51\libgcc.a(_udivmodsi4.o)
 .text          0x00000000        0x0 d:/program files (x86)/atmel studio/7.0/toolchain/avr8/avr8-gnu-toolchain/bin/../lib/gcc/avr/5.4.0/avr51\libgcc.a(_umulhisi3.o)
 .data          0x00000000        0x0 d:/program files (x86)/atmel studio/7.0/toolchain/avr8/avr8-gnu-toolchain/bin/../lib/gcc/avr/5.4.0/avr51\libgcc.a(_umulhisi3.o)
 .bss           0x00000000        0x0 d:/program files (x86)/atmel studio/7.0/toolchain/avr8/avr8-gnu-toolchain/bin/../lib/gcc/avr/5.4.0/avr51\libgcc.a(_umulhisi3.o)
 .text.libgcc.div
                0x00000000        0x0 d:/program files (x86)/atmel studio/7.0/toolchain/avr8/avr8-gnu-toolchain/bin/../lib/gcc/avr/5.4.0/avr51\libgcc.a(_umulhisi3.o)
 .text.libgcc   0x00000000        0x0 d:/program files (x86)/atmel studio/7.0/toolchain/avr8/avr8-gnu-toolchain/bin/../lib/gcc/avr/5.4.0/avr51\libgcc.a(_umulhisi3.o)
 .text.libgcc.prologue
                0x00000000        0x0 d:/program files (x86)/atmel studio/7.0/toolchain/avr8/avr8-gnu-toolchain/bin/../lib/gcc/avr/5.4.0/avr51\libgcc.a(_umulhisi3.o)
 .text.libgcc.builtins
                0x00000000        0x0 d:/program files (x86)/atmel studio/7.0/toolchain/avr8/avr8-gnu-toolchain/bin/../lib/gcc/avr/5.4.0/avr51\libgcc.a(_umulhisi3.o)
 .text.libgcc.fmul
                0x00000000        0x0 d:/program files (x86)/atmel studio/7.0/toolchain/avr8/avr8-gnu-toolchain/bin/../lib/gcc/avr/5.4.0/avr51\libgcc.a(_umulhisi3.o)
 .text.libgcc.fixed
                0x00000000        0x0 d:/program files (x86)/atmel studio/7.0/toolchain/avr8/avr8-gnu-toolchain/bin/../lib/gcc/avr/5.4.0/avr51\libgcc.a(_umulhisi3.o)

Memory Configuration

Name             Origin             Length             Attributes
text             0x00000000         0x00020000         xr
data             0x00800100         0x0000ff00         rw !x
eeprom           0x00810000         0x00010000         rw !x
fuse             0x00820000         0x00000003         rw !x
lock             0x00830000         0x00000400         rw !x
signature        0x00840000         0x00000400         rw !x
user_signatures  0x00850000         0x00000400         rw !x
*default*        0x00000000         0xffffffff

Linker script and memory map

Address of section .data set to 0x800100
LOAD D:/Program Files (x86)/Atmel studio/7.0/Packs/atmel/ATmega_DFP/1.2.150/gcc/dev/atmega128/avr51/crtatmega128.o
LOAD src/GLCD.o
LOAD src/images.o
LOAD src/lcd.o
LOAD src/tamagotchi.o
LOAD src/Touch.o
LOAD src/ASF/mega/boards/stk600/rcx_x/init.o
LOAD src/main.o
START GROUP
LOAD d:/program files (x86)/atmel studio/7.0/toolchain/avr8/avr8-gnu-toolchain/bin/../lib/gcc/avr/5.4.0/../../../../avr/lib/avr51\libm.a
END GROUP
START GROUP
LOAD d:/program files (x86)/atmel studio/7.0/toolchain/avr8/avr8-gnu-toolchain/bin/../lib/gcc/avr/5.4.0/avr51\libgcc.a
LOAD d:/program files (x86)/atmel studio/7.0/toolchain/avr8/avr8-gnu-toolchain/bin/../lib/gcc/avr/5.4.0/../../../../avr/lib/avr51\libm.a
LOAD d:/program files (x86)/atmel studio/7.0/toolchain/avr8/avr8-gnu-toolchain/bin/../lib/gcc/avr/5.4.0/../../../../avr/lib/avr51\libc.a
LOAD D:/Program Files (x86)/Atmel studio/7.0/Packs/atmel/ATmega_DFP/1.2.150/gcc/dev/atmega128/avr51\libatmega128.a
END GROUP
                0x00020000                __TEXT_REGION_LENGTH__ = DEFINED (__TEXT_REGION_LENGTH__)?__TEXT_REGION_LENGTH__:0x20000
                0x0000ff00                __DATA_REGION_LENGTH__ = DEFINED (__DATA_REGION_LENGTH__)?__DATA_REGION_LENGTH__:0xff00
                0x00010000                __EEPROM_REGION_LENGTH__ = DEFINED (__EEPROM_REGION_LENGTH__)?__EEPROM_REGION_LENGTH__:0x10000
                [0x00000003]                __FUSE_REGION_LENGTH__ = DEFINED (__FUSE_REGION_LENGTH__)?__FUSE_REGION_LENGTH__:0x400
                0x00000400                __LOCK_REGION_LENGTH__ = DEFINED (__LOCK_REGION_LENGTH__)?__LOCK_REGION_LENGTH__:0x400
                0x00000400                __SIGNATURE_REGION_LENGTH__ = DEFINED (__SIGNATURE_REGION_LENGTH__)?__SIGNATURE_REGION_LENGTH__:0x400
                0x00000400                __USER_SIGNATURE_REGION_LENGTH__ = DEFINED (__USER_SIGNATURE_REGION_LENGTH__)?__USER_SIGNATURE_REGION_LENGTH__:0x400

.hash
 *(.hash)

.dynsym
 *(.dynsym)

.dynstr
 *(.dynstr)

.gnu.version
 *(.gnu.version)

.gnu.version_d
 *(.gnu.version_d)

.gnu.version_r
 *(.gnu.version_r)

.rel.init
 *(.rel.init)

.rela.init
 *(.rela.init)

.rel.text
 *(.rel.text)
 *(.rel.text.*)
 *(.rel.gnu.linkonce.t*)

.rela.text
 *(.rela.text)
 *(.rela.text.*)
 *(.rela.gnu.linkonce.t*)

.rel.fini
 *(.rel.fini)

.rela.fini
 *(.rela.fini)

.rel.rodata
 *(.rel.rodata)
 *(.rel.rodata.*)
 *(.rel.gnu.linkonce.r*)

.rela.rodata
 *(.rela.rodata)
 *(.rela.rodata.*)
 *(.rela.gnu.linkonce.r*)

.rel.data
 *(.rel.data)
 *(.rel.data.*)
 *(.rel.gnu.linkonce.d*)

.rela.data
 *(.rela.data)
 *(.rela.data.*)
 *(.rela.gnu.linkonce.d*)

.rel.ctors
 *(.rel.ctors)

.rela.ctors
 *(.rela.ctors)

.rel.dtors
 *(.rel.dtors)

.rela.dtors
 *(.rela.dtors)

.rel.got
 *(.rel.got)

.rela.got
 *(.rela.got)

.rel.bss
 *(.rel.bss)

.rela.bss
 *(.rela.bss)

.rel.plt
 *(.rel.plt)

.rela.plt
 *(.rela.plt)

.text           0x00000000     0x1222
 *(.vectors)
 .vectors       0x00000000       0x8c D:/Program Files (x86)/Atmel studio/7.0/Packs/atmel/ATmega_DFP/1.2.150/gcc/dev/atmega128/avr51/crtatmega128.o
                0x00000000                __vector_default
                0x00000000                __vectors
 *(.vectors)
 *(.progmem.gcc*)
                0x0000008c                . = ALIGN (0x2)
                0x0000008c                __trampolines_start = .
 *(.trampolines)
 .trampolines   0x0000008c        0x0 linker stubs
 *(.trampolines*)
                0x0000008c                __trampolines_end = .
 *libprintf_flt.a:*(.progmem.data)
 *libc.a:*(.progmem.data)
 *(.progmem*)
                0x0000008c                . = ALIGN (0x2)
 *(.jumptables)
 *(.jumptables*)
 *(.lowtext)
 *(.lowtext*)
                0x0000008c                __ctors_start = .
 *(.ctors)
                0x0000008c                __ctors_end = .
                0x0000008c                __dtors_start = .
 *(.dtors)
                0x0000008c                __dtors_end = .
 SORT(*)(.ctors)
 SORT(*)(.dtors)
 *(.init0)
 .init0         0x0000008c        0x0 D:/Program Files (x86)/Atmel studio/7.0/Packs/atmel/ATmega_DFP/1.2.150/gcc/dev/atmega128/avr51/crtatmega128.o
                0x0000008c                __init
 *(.init0)
 *(.init1)
 *(.init1)
 *(.init2)
 .init2         0x0000008c        0xc D:/Program Files (x86)/Atmel studio/7.0/Packs/atmel/ATmega_DFP/1.2.150/gcc/dev/atmega128/avr51/crtatmega128.o
 *(.init2)
 *(.init3)
 *(.init3)
 *(.init4)
 .init4         0x00000098       0x1a d:/program files (x86)/atmel studio/7.0/toolchain/avr8/avr8-gnu-toolchain/bin/../lib/gcc/avr/5.4.0/avr51\libgcc.a(_copy_data.o)
                0x00000098                __do_copy_data
 .init4         0x000000b2       0x10 d:/program files (x86)/atmel studio/7.0/toolchain/avr8/avr8-gnu-toolchain/bin/../lib/gcc/avr/5.4.0/avr51\libgcc.a(_clear_bss.o)
                0x000000b2                __do_clear_bss
 *(.init4)
 *(.init5)
 *(.init5)
 *(.init6)
 *(.init6)
 *(.init7)
 *(.init7)
 *(.init8)
 *(.init8)
 *(.init9)
 .init9         0x000000c2        0x6 D:/Program Files (x86)/Atmel studio/7.0/Packs/atmel/ATmega_DFP/1.2.150/gcc/dev/atmega128/avr51/crtatmega128.o
 *(.init9)
 *(.text)
 .text          0x000000c8        0x2 D:/Program Files (x86)/Atmel studio/7.0/Packs/atmel/ATmega_DFP/1.2.150/gcc/dev/atmega128/avr51/crtatmega128.o
                0x000000c8                __vector_22
                0x000000c8                __vector_28
                0x000000c8                __vector_1
                0x000000c8                __vector_32
                0x000000c8                __vector_34
                0x000000c8                __vector_24
                0x000000c8                __vector_12
                0x000000c8                __bad_interrupt
                0x000000c8                __vector_6
                0x000000c8                __vector_31
                0x000000c8                __vector_3
                0x000000c8                __vector_23
                0x000000c8                __vector_30
                0x000000c8                __vector_25
                0x000000c8                __vector_11
                0x000000c8                __vector_13
                0x000000c8                __vector_17
                0x000000c8                __vector_19
                0x000000c8                __vector_7
                0x000000c8                __vector_27
                0x000000c8                __vector_5
                0x000000c8                __vector_33
                0x000000c8                __vector_4
                0x000000c8                __vector_9
                0x000000c8                __vector_2
                0x000000c8                __vector_21
                0x000000c8                __vector_15
                0x000000c8                __vector_29
                0x000000c8                __vector_8
                0x000000c8                __vector_26
                0x000000c8                __vector_14
                0x000000c8                __vector_10
                0x000000c8                __vector_16
                0x000000c8                __vector_18
                0x000000c8                __vector_20
                0x000000ca                . = ALIGN (0x2)
 *(.text.*)
 .text.GLCD_Read
                0x000000ca       0x52 src/GLCD.o
                0x000000ca                GLCD_Read
 .text.EnableCmd
                0x0000011c       0x16 src/GLCD.o
                0x0000011c                EnableCmd
 .text.GLCD_Write
                0x00000132       0x12 src/GLCD.o
                0x00000132                GLCD_Write
 .text.DisplayOn
                0x00000144       0x10 src/GLCD.o
                0x00000144                DisplayOn
 .text.GOTO_COL
                0x00000154       0x24 src/GLCD.o
                0x00000154                GOTO_COL
 .text.GOTO_ROW
                0x00000178       0x10 src/GLCD.o
                0x00000178                GOTO_ROW
 .text.GOTO_XY  0x00000188       0x12 src/GLCD.o
                0x00000188                GOTO_XY
 .text.Draw_Point
                0x0000019a       0x96 src/GLCD.o
                0x0000019a                Draw_Point
 .text.GLCD_DisplayImage
                0x00000230       0x44 src/GLCD.o
                0x00000230                GLCD_DisplayImage
 .text.Set_Start_Line
                0x00000274       0x10 src/GLCD.o
                0x00000274                Set_Start_Line
 .text.GLCD_CLR
                0x00000284       0x42 src/GLCD.o
                0x00000284                GLCD_CLR
 .text.GLCD_init
                0x000002c6       0x12 src/GLCD.o
                0x000002c6                GLCD_init
 .text.lcd_writeChar
                0x000002d8       0x3c src/lcd.o
                0x000002d8                lcd_writeChar
 .text.lcd_command
                0x00000314       0x34 src/lcd.o
                0x00000314                lcd_command
 .text.init     0x00000348       0x16 src/lcd.o
                0x00000348                init
 .text.display_text
                0x0000035e       0x68 src/lcd.o
                0x0000035e                display_text
 .text.clr_display
                0x000003c6       0x12 src/lcd.o
                0x000003c6                clr_display
 .text.drawState
                0x000003d8       0x4a src/tamagotchi.o
 .text.updateStatusDraw
                0x00000422       0x3c src/tamagotchi.o
 .text.tamagotchi_init
                0x0000045e       0x48 src/tamagotchi.o
                0x0000045e                tamagotchi_init
 .text.tamagotchi_getHealth
                0x000004a6        0xa src/tamagotchi.o
                0x000004a6                tamagotchi_getHealth
 .text.tamagotchi_getHappynes
                0x000004b0        0xa src/tamagotchi.o
                0x000004b0                tamagotchi_getHappynes
 .text.tamagotchi_getHunger
                0x000004ba        0xa src/tamagotchi.o
                0x000004ba                tamagotchi_getHunger
 .text.tamagotchi_feed
                0x000004c4       0x5a src/tamagotchi.o
                0x000004c4                tamagotchi_feed
 .text.tamagotchi_play
                0x0000051e       0x46 src/tamagotchi.o
                0x0000051e                tamagotchi_play
 .text.tamagotchi_medicin
                0x00000564       0x8c src/tamagotchi.o
                0x00000564                tamagotchi_medicin
 .text.tamagotchi_clean
                0x000005f0       0x72 src/tamagotchi.o
                0x000005f0                tamagotchi_clean
 .text.tamagotchi_update
                0x00000662      0x29c src/tamagotchi.o
                0x00000662                tamagotchi_update
 .text.touch_init
                0x000008fe        0x4 src/Touch.o
                0x000008fe                touch_init
 .text.isFeedPressed
                0x00000902       0x32 src/Touch.o
                0x00000902                isFeedPressed
 .text.isPlayPressed
                0x00000934       0x32 src/Touch.o
                0x00000934                isPlayPressed
 .text.isMedicinPressed
                0x00000966       0x32 src/Touch.o
                0x00000966                isMedicinPressed
 .text.isCleanPressed
                0x00000998       0x32 src/Touch.o
                0x00000998                isCleanPressed
 .text.main     0x000009ca       0xec src/main.o
                0x000009ca                main
 .text.libgcc.div
                0x00000ab6       0x26 d:/program files (x86)/atmel studio/7.0/toolchain/avr8/avr8-gnu-toolchain/bin/../lib/gcc/avr/5.4.0/avr51\libgcc.a(_divmodhi4.o)
                0x00000ab6                _div
                0x00000ab6                __divmodhi4
 .text.libgcc.div
                0x00000adc       0x28 d:/program files (x86)/atmel studio/7.0/toolchain/avr8/avr8-gnu-toolchain/bin/../lib/gcc/avr/5.4.0/avr51\libgcc.a(_udivmodhi4.o)
                0x00000adc                __udivmodhi4
 .text.avr-libc
                0x00000b04       0xaa d:/program files (x86)/atmel studio/7.0/toolchain/avr8/avr8-gnu-toolchain/bin/../lib/gcc/avr/5.4.0/../../../../avr/lib/avr51\libc.a(rand.o)
                0x00000b90                rand_r
                0x00000b92                rand
                0x00000b98                srand
 .text.avr-libc
                0x00000bae       0x5c d:/program files (x86)/atmel studio/7.0/toolchain/avr8/avr8-gnu-toolchain/bin/../lib/gcc/avr/5.4.0/../../../../avr/lib/avr51\libc.a(sprintf.o)
                0x00000bae                sprintf
 .text.avr-libc
                0x00000c0a      0x3fa d:/program files (x86)/atmel studio/7.0/toolchain/avr8/avr8-gnu-toolchain/bin/../lib/gcc/avr/5.4.0/../../../../avr/lib/avr51\libc.a(vfprintf_std.o)
                0x00000c0a                vfprintf
 .text.avr-libc
                0x00001004       0x16 d:/program files (x86)/atmel studio/7.0/toolchain/avr8/avr8-gnu-toolchain/bin/../lib/gcc/avr/5.4.0/../../../../avr/lib/avr51\libc.a(strnlen_P.o)
                0x00001004                strnlen_P
 .text.avr-libc
                0x0000101a       0x16 d:/program files (x86)/atmel studio/7.0/toolchain/avr8/avr8-gnu-toolchain/bin/../lib/gcc/avr/5.4.0/../../../../avr/lib/avr51\libc.a(strnlen.o)
                0x0000101a                strnlen
 .text.avr-libc
                0x00001030       0x78 d:/program files (x86)/atmel studio/7.0/toolchain/avr8/avr8-gnu-toolchain/bin/../lib/gcc/avr/5.4.0/../../../../avr/lib/avr51\libc.a(fputc.o)
                0x00001030                fputc
 .text.avr-libc
                0x000010a8       0xbc d:/program files (x86)/atmel studio/7.0/toolchain/avr8/avr8-gnu-toolchain/bin/../lib/gcc/avr/5.4.0/../../../../avr/lib/avr51\libc.a(ultoa_invert.o)
                0x000010a8                __ultoa_invert
 .text.libgcc.div
                0x00001164       0x28 d:/program files (x86)/atmel studio/7.0/toolchain/avr8/avr8-gnu-toolchain/bin/../lib/gcc/avr/5.4.0/avr51\libgcc.a(_divmodsi4.o)
                0x00001164                __divmodsi4
 .text.libgcc.div
                0x0000118c       0x10 d:/program files (x86)/atmel studio/7.0/toolchain/avr8/avr8-gnu-toolchain/bin/../lib/gcc/avr/5.4.0/avr51\libgcc.a(_negsi2.o)
                0x0000118c                __negsi2
 .text.libgcc.mul
                0x0000119c       0x14 d:/program files (x86)/atmel studio/7.0/toolchain/avr8/avr8-gnu-toolchain/bin/../lib/gcc/avr/5.4.0/avr51\libgcc.a(_muluhisi3.o)
                0x0000119c                __muluhisi3
 .text.libgcc.mul
                0x000011b0        0xc d:/program files (x86)/atmel studio/7.0/toolchain/avr8/avr8-gnu-toolchain/bin/../lib/gcc/avr/5.4.0/avr51\libgcc.a(_mulshisi3.o)
                0x000011b0                __mulshisi3
                0x000011b4                __mulohisi3
 .text.libgcc.div
                0x000011bc       0x44 d:/program files (x86)/atmel studio/7.0/toolchain/avr8/avr8-gnu-toolchain/bin/../lib/gcc/avr/5.4.0/avr51\libgcc.a(_udivmodsi4.o)
                0x000011bc                __udivmodsi4
 .text.libgcc.mul
                0x00001200       0x1e d:/program files (x86)/atmel studio/7.0/toolchain/avr8/avr8-gnu-toolchain/bin/../lib/gcc/avr/5.4.0/avr51\libgcc.a(_umulhisi3.o)
                0x00001200                __umulhisi3
                0x0000121e                . = ALIGN (0x2)
 *(.fini9)
 .fini9         0x0000121e        0x0 d:/program files (x86)/atmel studio/7.0/toolchain/avr8/avr8-gnu-toolchain/bin/../lib/gcc/avr/5.4.0/avr51\libgcc.a(_exit.o)
                0x0000121e                _exit
                0x0000121e                exit
 *(.fini9)
 *(.fini8)
 *(.fini8)
 *(.fini7)
 *(.fini7)
 *(.fini6)
 *(.fini6)
 *(.fini5)
 *(.fini5)
 *(.fini4)
 *(.fini4)
 *(.fini3)
 *(.fini3)
 *(.fini2)
 *(.fini2)
 *(.fini1)
 *(.fini1)
 *(.fini0)
 .fini0         0x0000121e        0x4 d:/program files (x86)/atmel studio/7.0/toolchain/avr8/avr8-gnu-toolchain/bin/../lib/gcc/avr/5.4.0/avr51\libgcc.a(_exit.o)
 *(.fini0)
                0x00001222                _etext = .

.data           0x00800100      0xf52 load address 0x00001222
                0x00800100                PROVIDE (__data_start, .)
 *(.data)
 .data          0x00800100        0x4 d:/program files (x86)/atmel studio/7.0/toolchain/avr8/avr8-gnu-toolchain/bin/../lib/gcc/avr/5.4.0/../../../../avr/lib/avr51\libc.a(rand.o)
 *(.data*)
 .data.death    0x00800104      0x334 src/images.o
                0x00800104                death
 .data.sick     0x00800438      0x144 src/images.o
                0x00800438                sick
 .data.poop     0x0080057c       0xe4 src/images.o
                0x0080057c                poop
 .data.biggbird
                0x00800660      0x108 src/images.o
                0x00800660                biggbird
 .data.smallbird
                0x00800768       0xa4 src/images.o
                0x00800768                smallbird
 .data.sleeping
                0x0080080c       0xf4 src/images.o
                0x0080080c                sleeping
 .data.egg      0x00800900      0x180 src/images.o
                0x00800900                egg
 .data.buttondisplay
                0x00800a80      0x5c0 src/images.o
                0x00800a80                buttondisplay
 *(.gnu.linkonce.d*)
 *(.rodata)
 *(.rodata*)
 .rodata.str1.1
                0x00801040       0x11 src/main.o
 *(.gnu.linkonce.r*)
                0x00801052                . = ALIGN (0x2)
 *fill*         0x00801051        0x1 
                0x00801052                _edata = .
                0x00801052                PROVIDE (__data_end, .)

.bss            0x00801052       0x18
                0x00801052                PROVIDE (__bss_start, .)
 *(.bss)
 *(.bss*)
 .bss.prevCleanPressed
                0x00801052        0x2 src/Touch.o
                0x00801052                prevCleanPressed
 .bss.prevMedicinPressed
                0x00801054        0x2 src/Touch.o
                0x00801054                prevMedicinPressed
 .bss.prevPlayPressed
                0x00801056        0x2 src/Touch.o
                0x00801056                prevPlayPressed
 .bss.prevFeedPressed
                0x00801058        0x2 src/Touch.o
                0x00801058                prevFeedPressed
 *(COMMON)
 COMMON         0x0080105a       0x10 src/tamagotchi.o
                0x0080105a                hunger
                0x0080105c                amountTimesUpdated
                0x0080105e                happynes
                0x00801060                isDirty
                0x00801062                health
                0x00801064                isSleeping
                0x00801066                isSick
                0x00801068                stateCode
                0x0080106a                PROVIDE (__bss_end, .)
                0x00001222                __data_load_start = LOADADDR (.data)
                0x00002174                __data_load_end = (__data_load_start + SIZEOF (.data))

.noinit         0x0080106a        0x0
                [!provide]                PROVIDE (__noinit_start, .)
 *(.noinit*)
                [!provide]                PROVIDE (__noinit_end, .)
                0x0080106a                _end = .
                [!provide]                PROVIDE (__heap_start, .)

.eeprom         0x00810000        0x0
 *(.eeprom*)
                0x00810000                __eeprom_end = .

.fuse
 *(.fuse)
 *(.lfuse)
 *(.hfuse)
 *(.efuse)

.lock
 *(.lock*)

.signature
 *(.signature*)

.user_signatures
 *(.user_signatures*)

.stab
 *(.stab)

.stabstr
 *(.stabstr)

.stab.excl
 *(.stab.excl)

.stab.exclstr
 *(.stab.exclstr)

.stab.index
 *(.stab.index)

.stab.indexstr
 *(.stab.indexstr)

.comment        0x00000000       0x5c
 *(.comment)
 .comment       0x00000000       0x30 src/GLCD.o
                                 0x31 (size before relaxing)
 .comment       0x00000030       0x31 src/images.o
 .comment       0x00000030       0x31 src/lcd.o
 .comment       0x00000030       0x31 src/tamagotchi.o
 .comment       0x00000030       0x31 src/Touch.o
 .comment       0x00000030       0x31 src/main.o
 .comment       0x00000030       0x31 d:/program files (x86)/atmel studio/7.0/toolchain/avr8/avr8-gnu-toolchain/bin/../lib/gcc/avr/5.4.0/../../../../avr/lib/avr51\libc.a(rand.o)
 .comment       0x00000030       0x31 d:/program files (x86)/atmel studio/7.0/toolchain/avr8/avr8-gnu-toolchain/bin/../lib/gcc/avr/5.4.0/../../../../avr/lib/avr51\libc.a(sprintf.o)
 .comment       0x00000030       0x2c d:/program files (x86)/atmel studio/7.0/toolchain/avr8/avr8-gnu-toolchain/bin/../lib/gcc/avr/5.4.0/../../../../avr/lib/avr51\libc.a(vfprintf_std.o)
                                 0x2d (size before relaxing)
 .comment       0x0000005c       0x31 d:/program files (x86)/atmel studio/7.0/toolchain/avr8/avr8-gnu-toolchain/bin/../lib/gcc/avr/5.4.0/../../../../avr/lib/avr51\libc.a(fputc.o)

.note.gnu.avr.deviceinfo
                0x00000000       0x3c
 .note.gnu.avr.deviceinfo
                0x00000000       0x3c D:/Program Files (x86)/Atmel studio/7.0/Packs/atmel/ATmega_DFP/1.2.150/gcc/dev/atmega128/avr51/crtatmega128.o

.note.gnu.build-id
 *(.note.gnu.build-id)

.debug
 *(.debug)

.line
 *(.line)

.debug_srcinfo
 *(.debug_srcinfo)

.debug_sfnames
 *(.debug_sfnames)

.debug_aranges  0x00000000      0x1b8
 *(.debug_aranges)
 .debug_aranges
                0x00000000       0x80 src/GLCD.o
 .debug_aranges
                0x00000080       0x18 src/images.o
 .debug_aranges
                0x00000098       0x50 src/lcd.o
 .debug_aranges
                0x000000e8       0x70 src/tamagotchi.o
 .debug_aranges
                0x00000158       0x40 src/Touch.o
 .debug_aranges
                0x00000198       0x20 src/main.o

.debug_pubnames
 *(.debug_pubnames)

.debug_info     0x00000000     0x1ccb
 *(.debug_info .gnu.linkonce.wi.*)
 .debug_info    0x00000000      0x780 D:/Program Files (x86)/Atmel studio/7.0/Packs/atmel/ATmega_DFP/1.2.150/gcc/dev/atmega128/avr51/crtatmega128.o
 .debug_info    0x00000780      0x6ec src/GLCD.o
 .debug_info    0x00000e6c      0x171 src/images.o
 .debug_info    0x00000fdd      0x49e src/lcd.o
 .debug_info    0x0000147b      0x3d4 src/tamagotchi.o
 .debug_info    0x0000184f      0x177 src/Touch.o
 .debug_info    0x000019c6      0x305 src/main.o

.debug_abbrev   0x00000000      0xddb
 *(.debug_abbrev)
 .debug_abbrev  0x00000000      0x718 D:/Program Files (x86)/Atmel studio/7.0/Packs/atmel/ATmega_DFP/1.2.150/gcc/dev/atmega128/avr51/crtatmega128.o
 .debug_abbrev  0x00000718      0x1ad src/GLCD.o
 .debug_abbrev  0x000008c5       0x91 src/images.o
 .debug_abbrev  0x00000956      0x16f src/lcd.o
 .debug_abbrev  0x00000ac5      0x148 src/tamagotchi.o
 .debug_abbrev  0x00000c0d       0x8e src/Touch.o
 .debug_abbrev  0x00000c9b      0x140 src/main.o

.debug_line     0x00000000     0x195b
 *(.debug_line .debug_line.* .debug_line_end)
 .debug_line    0x00000000      0x169 D:/Program Files (x86)/Atmel studio/7.0/Packs/atmel/ATmega_DFP/1.2.150/gcc/dev/atmega128/avr51/crtatmega128.o
 .debug_line    0x00000169      0x60e src/GLCD.o
 .debug_line    0x00000777       0x39 src/images.o
 .debug_line    0x000007b0      0x46f src/lcd.o
 .debug_line    0x00000c1f      0x5ba src/tamagotchi.o
 .debug_line    0x000011d9      0x3b9 src/Touch.o
 .debug_line    0x00001592      0x3c9 src/main.o

.debug_frame    0x00000000      0x36c
 *(.debug_frame)
 .debug_frame   0x00000000      0x144 src/GLCD.o
 .debug_frame   0x00000144       0xcc src/lcd.o
 .debug_frame   0x00000210       0xc4 src/tamagotchi.o
 .debug_frame   0x000002d4       0x64 src/Touch.o
 .debug_frame   0x00000338       0x34 src/main.o

.debug_str      0x00000000     0x8080
 *(.debug_str)
 .debug_str     0x00000000      0x27d D:/Program Files (x86)/Atmel studio/7.0/Packs/atmel/ATmega_DFP/1.2.150/gcc/dev/atmega128/avr51/crtatmega128.o
 .debug_str     0x0000027d     0x712c src/GLCD.o
                               0x71c9 (size before relaxing)
 .debug_str     0x000073a9       0x53 src/images.o
                               0x2bd9 (size before relaxing)
 .debug_str     0x000073fc      0x316 src/lcd.o
                               0x73e4 (size before relaxing)
 .debug_str     0x00007712      0x3fd src/tamagotchi.o
                               0x3197 (size before relaxing)
 .debug_str     0x00007b0f       0xae src/Touch.o
                               0x7126 (size before relaxing)
 .debug_str     0x00007bbd      0x4c3 src/main.o
                               0x7aae (size before relaxing)

.debug_loc      0x00000000      0xdff
 *(.debug_loc)
 .debug_loc     0x00000000      0x7a5 src/GLCD.o
 .debug_loc     0x000007a5      0x4d1 src/lcd.o
 .debug_loc     0x00000c76       0x7e src/tamagotchi.o
 .debug_loc     0x00000cf4      0x10b src/main.o

.debug_macinfo
 *(.debug_macinfo)

.debug_weaknames
 *(.debug_weaknames)

.debug_funcnames
 *(.debug_funcnames)

.debug_typenames
 *(.debug_typenames)

.debug_varnames
 *(.debug_varnames)

.debug_pubtypes
 *(.debug_pubtypes)

.debug_ranges   0x00000000      0x180
 *(.debug_ranges)
 .debug_ranges  0x00000000       0x70 src/GLCD.o
 .debug_ranges  0x00000070       0x40 src/lcd.o
 .debug_ranges  0x000000b0       0x60 src/tamagotchi.o
 .debug_ranges  0x00000110       0x30 src/Touch.o
 .debug_ranges  0x00000140       0x40 src/main.o

.debug_macro    0x00000000     0x32ba
 *(.debug_macro)
 .debug_macro   0x00000000       0xc9 src/GLCD.o
 .debug_macro   0x000000c9      0xa66 src/GLCD.o
 .debug_macro   0x00000b2f       0x10 src/GLCD.o
 .debug_macro   0x00000b3f      0x1c9 src/GLCD.o
 .debug_macro   0x00000d08      0x2fc src/GLCD.o
 .debug_macro   0x00001004       0x9e src/GLCD.o
 .debug_macro   0x000010a2     0x14c5 src/GLCD.o
 .debug_macro   0x00002567      0x203 src/GLCD.o
 .debug_macro   0x0000276a       0xcb src/GLCD.o
 .debug_macro   0x00002835       0x34 src/GLCD.o
 .debug_macro   0x00002869       0x18 src/GLCD.o
 .debug_macro   0x00002881       0x6c src/GLCD.o
 .debug_macro   0x000028ed       0x10 src/GLCD.o
 .debug_macro   0x000028fd      0x166 src/GLCD.o
 .debug_macro   0x00002a63       0x1b src/images.o
 .debug_macro   0x00002a7e       0xca src/lcd.o
 .debug_macro   0x00002b48       0x16 src/lcd.o
 .debug_macro   0x00002b5e       0x97 src/lcd.o
 .debug_macro   0x00002bf5       0x10 src/lcd.o
 .debug_macro   0x00002c05       0x5e src/tamagotchi.o
 .debug_macro   0x00002c63       0x1c src/tamagotchi.o
 .debug_macro   0x00002c7f      0x10e src/tamagotchi.o
 .debug_macro   0x00002d8d       0x66 src/tamagotchi.o
 .debug_macro   0x00002df3       0xb4 src/Touch.o
 .debug_macro   0x00002ea7       0xaa src/Touch.o
 .debug_macro   0x00002f51      0x118 src/main.o
 .debug_macro   0x00003069       0x58 src/main.o
 .debug_macro   0x000030c1       0x10 src/main.o
 .debug_macro   0x000030d1       0xf2 src/main.o
 .debug_macro   0x000031c3       0x97 src/main.o
 .debug_macro   0x0000325a       0x60 src/main.o
OUTPUT(Project.elf elf32-avr)
LOAD linker stubs
